[www.pltcollege.com/index.html]
[backblue.gif]
[fade.gif]
[index.html]
[www.pltcollege.com/assets/css/global04c5.css]
[www.pltcollege.com/assets/css/home04c5.css]
[www.pltcollege.com/assets/images/logo.png]
[www.pltcollege.com/assets/images/lobby.jpg]
[www.pltcollege.com/about-pltci/index.html]
[www.pltcollege.com/assets/images/library.jpg]
[www.pltcollege.com/assets/images/anatomy.jpg]
[www.pltcollege.com/academics/index.html]
[www.pltcollege.com/assets/images/building.jpg]
[www.pltcollege.com/assets/images/lounge.jpg]
[www.pltcollege.com/assets/images/recreation.jpg]
[www.pltcollege.com/admissions/index.html]
[www.pltcollege.com/assets/images/medical.jpg]
[www.pltcollege.com/sitemap.xml]
[www.pltcollege.com/assets/js/main04c5.js]
[www.pltcollege.com/mbbs-fees-philippines/index.html]
[img1.wsimg.com/signals/js/clients/scc-c2/scc-c2.min.js]
[www.pltcollege.com/index.html]
[www.pltcollege.com/assets/css/global04c5.css]
[www.pltcollege.com/mbbs-in-philippines/index.html]
[www.pltcollege.com/assets/css/home04c5.css]
[www.pltcollege.com/assets/css/about04c5.css]
[www.pltcollege.com/about-pltci/index.html]
[www.pltcollege.com/about-pltci/history-legacy/index.html]
[www.pltcollege.com/about-pltci/mission-vision/index.html]
[www.pltcollege.com/about-pltci/chairman-message/index.html]
[www.pltcollege.com/blog/index.html]
[www.pltcollege.com/about-pltci/deans-message/index.html]
[www.pltcollege.com/about-pltci/faculty-leadership/index.html]
[www.pltcollege.com/about-pltci/accreditations-recognition/index.html]
[www.pltcollege.com/about-pltci/international-collaborations/index.html]
[www.pltcollege.com/about-pltci/why-choose-pltci/index.html]
[www.pltcollege.com/mbbs-in-philippines/nmc-approved-colleges/index.html]
[www.pltcollege.com/contact-us/index.html]
[www.pltcollege.com/assets/css/academics04c5.css]
[www.pltcollege.com/academics/index.html]
[www.pltcollege.com/academics/md-program/index.html]
[www.pltcollege.com/academics/pre-med/index.html]
[www.pltcollege.com/academics/curriculum/index.html]
[www.pltcollege.com/academics/clinical-training/index.html]
[www.pltcollege.com/academics/hospital-rotations/index.html]
[www.pltcollege.com/academics/simulation-labs/index.html]
[www.pltcollege.com/academics/research-publications/index.html]
[www.pltcollege.com/academics/academic-calendar/index.html]
[www.pltcollege.com/academics/examination-system/index.html]
[www.pltcollege.com/academics/emergency-medicine/index.html]
[www.pltcollege.com/admissions/index.html]
[www.pltcollege.com/admissions/eligibility/index.html]
[www.pltcollege.com/admissions/admission-process/index.html]
[www.pltcollege.com/admissions/neet-requirement/index.html]
[www.pltcollege.com/admissions/documents-required/index.html]
[www.pltcollege.com/admissions/student-visa/index.html]
[www.pltcollege.com/admissions/scholarships/index.html]
[www.pltcollege.com/admissions/education-loans/index.html]
[www.pltcollege.com/admissions/apply-online/index.html]
[www.pltcollege.com/admissions/brochure/index.html]
[www.pltcollege.com/assets/css/fees04c5.css]
[www.pltcollege.com/mbbs-fees-philippines/index.html]
[www.pltcollege.com/mbbs-fees-philippines/tuition-fees/index.html]
[www.pltcollege.com/mbbs-fees-philippines/hostel-fees/index.html]
[www.pltcollege.com/mbbs-fees-philippines/living-expenses/index.html]
[www.pltcollege.com/mbbs-fees-philippines/food-expenses/index.html]
[www.pltcollege.com/mbbs-fees-philippines/visa-travel-cost/index.html]
[www.pltcollege.com/mbbs-fees-philippines/total-cost/index.html]
[www.pltcollege.com/mbbs-fees-philippines/compare-mbbs-cost/index.html]
[www.pltcollege.com/mbbs-fees-philippines/payment-options/index.html]
[www.pltcollege.com/assets/css/mbbs-ph04c5.css]
[www.pltcollege.com/mbbs-in-philippines/index.html]
[www.pltcollege.com/mbbs-in-philippines/why-study/index.html]
[www.pltcollege.com/mbbs-in-philippines/fees/index.html]
[www.pltcollege.com/mbbs-in-philippines/philippines-vs-russia/index.html]
[www.pltcollege.com/mbbs-in-philippines/philippines-vs-georgia/index.html]
[www.pltcollege.com/mbbs-in-philippines/philippines-vs-kazakhstan/index.html]
[www.pltcollege.com/mbbs-in-philippines/english-medium/index.html]
[www.pltcollege.com/mbbs-in-philippines/climate/index.html]
[www.pltcollege.com/mbbs-in-philippines/student-visa-guide/index.html]
[www.pltcollege.com/mbbs-in-philippines/safety/index.html]
[www.pltcollege.com/mbbs-in-philippines/career-opportunities/index.html]
[www.pltcollege.com/mbbs-in-philippines/medical-colleges/index.html]
[www.pltcollege.com/indian-students/fmge-next-support/index.html]
[www.pltcollege.com/assets/css/blog04c5.css]
[www.pltcollege.com/blog/index.html]
[www.pltcollege.com/blog/mbbs-abroad-news/index.html]
[www.pltcollege.com/blog/neet-guidance/index.html]
[www.pltcollege.com/blog/fmge-next/index.html]
[www.pltcollege.com/blog/philippines-education/index.html]
[www.pltcollege.com/blog/student-visa/index.html]
[www.pltcollege.com/blog/parent-guides/index.html]
[www.pltcollege.com/blog/medical-career/index.html]
[www.pltcollege.com/blog/student-life/index.html]
[www.pltcollege.com/assets/css/contact04c5.css]
[www.pltcollege.com/contact-us/index.html]
[www.pltcollege.com/indian-students/hostel/index.html]
[www.pltcollege.com/indian-students/indian-food/index.html]
[www.pltcollege.com/indian-students/parent-support/index.html]
[www.pltcollege.com/indian-students/testimonials/index.html]
[www.pltcollege.com/campus-life/virtual-tour/index.html]
[www.pltcollege.com/campus-life/index.html]
[www.pltcollege.com/indian-students/alumni/index.html]
[www.pltcollege.com/privacy-policy/index.html]
[www.pltcollege.com/disclaimer/index.html]
[www.pltcollege.com/assets/css/images/building.html]
[www.pltcollege.com/assets/css/about04c5.css]
[www.pltcollege.com/assets/css/academics04c5.css]
[www.pltcollege.com/assets/css/fees04c5.css]
[www.pltcollege.com/assets/css/mbbs-ph04c5.css]
[www.pltcollege.com/assets/css/blog04c5.css]
[www.pltcollege.com/blog/mbbs-abroad-news/mbbs-philippines-2025-guide/index.html]
[www.pltcollege.com/blog/neet-guidance/neet-score-mbbs-philippines/index.html]
[www.pltcollege.com/blog/fmge-next/fmge-preparation-philippines/index.html]
[www.pltcollege.com/blog/parent-guides/parent-guide-mbbs-philippines/index.html]
[www.pltcollege.com/blog/philippines-education/nmc-rules-mbbs-abroad-2025/index.html]
[www.pltcollege.com/blog/student-visa/philippines-student-visa-guide/index.html]
[www.pltcollege.com/blog/student-life/cost-living-philippines-indian-students/index.html]
[www.pltcollege.com/blog/medical-career/career-after-mbbs-philippines/index.html]
[www.pltcollege.com/blog/philippines-education/philippines-vs-russia-vs-georgia/index.html]
[www.pltcollege.com/blog/neet-guidance/mbbs-abroad-after-neet-2025/index.html]
[www.pltcollege.com/assets/css/contact04c5.css]
