[tmtc.edu.ph/index.html]
[backblue.gif]
[fade.gif]
[index.html]
[tmtc.edu.ph/wp-content/uploads/2026/05/tmtcs-sheild-transparent-1.webp]
[tmtc.edu.ph/comments/feed/index.html]
[tmtc.edu.ph/feed/index.html]
[tmtc.edu.ph/wp-json/oembed/1.0/embedc2ed.json]
[tmtc.edu.ph/wp-json/oembed/1.0/embed4f39]
[tmtc.edu.ph/wp-includes/js/jquery/jquery.minf43b.js]
[tmtc.edu.ph/wp-includes/js/jquery/jquery-migrate.min5589.js]
[tmtc.edu.ph/wp-json/wp/v2/pages/3845.22.delayed]
[tmtc.edu.ph/xmlrpc0db0.php]
[tmtc.edu.ph/wp-json/index.html]
[tmtc.edu.ph/wp-content/uploads/2022/11/cropped-logo1-32x32.png]
[tmtc.edu.ph/wp-content/uploads/2022/11/cropped-logo1-192x192.png]
[tmtc.edu.ph/wp-content/uploads/2022/11/cropped-logo1-180x180.png]
[tmtc.edu.ph/wp-content/uploads/2026/05/tmtcs-website-logo.webp]
[js-eu1.hsforms.net/forms/embed/148778842.js]
[tmtc.edu.ph/academics/basic-education/index.html]
[tmtc.edu.ph/academics/bachelor-of-science-in-medical-laboratory-science/index.html]
[tmtc.edu.ph/academics/bachelor-of-science-in-nursing/index.html]
[tmtc.edu.ph/academics/school-of-computing-and-media-arts/index.html]
[tmtc.edu.ph/academics/school-of-medicine/index.html]
[tmtc.edu.ph/admissions/index.html]
[tmtc.edu.ph/about/about-tmtcs/index.html]
[tmtc.edu.ph/about/partners/index.html]
[tmtc.edu.ph/about/leadership/index.html]
[tmtc.edu.ph/about/testimonials/index.html]
[js-eu1.hs-scripts.com/14877884205ab.js]
[tmtc.edu.ph/online-library/index.html]
[tmtc.edu.ph/news/index.html]
[tmtc.edu.ph/campus-life/life-at-tmtcs/index.html]
[tmtc.edu.ph/wp-content/themes/hello-elementor/assets/js/hello-frontenda7da.js]
[tmtc.edu.ph/contact-us/index.html]
[tmtc.edu.ph/wp-content/plugins/elementor/assets/js/webpack.runtime.minae82.js]
[tmtc.edu.ph/academics/basic-education/preschool-and-elementary-program/index.html]
[tmtc.edu.ph/campus-life/student-leaders/index.html]
[tmtc.edu.ph/wp-content/plugins/elementor/assets/js/frontend-modules.minae82.js]
[tmtc.edu.ph/academics/basic-education/junior-high-school/index.html]
[tmtc.edu.ph/wp-includes/js/jquery/ui/core.minb37e.js]
[tmtc.edu.ph/academics/basic-education/senior-high-school/index.html]
[tmtc.edu.ph/wp-content/plugins/elementor/assets/js/frontend.minae82.js]
[tmtc.edu.ph/wp-content/plugins/elementor-pro/assets/lib/sticky/jquery.sticky.min50fa.js]
[tmtc.edu.ph/wp-content/plugins/elementor-pro/assets/lib/smartmenus/jquery.smartmenus.min1576.js]
[tmtc.edu.ph/wp-includes/js/imagesloaded.minbb93.js]
[tmtc.edu.ph/wp-content/plugins/elementor/assets/lib/swiper/v8/swiper.min94a4.js]
[tmtc.edu.ph/wp-content/plugins/elementor-pro/assets/js/webpack-pro.runtime.min50fa.js]
[tmtc.edu.ph/wp-includes/js/dist/hooks.min394d.js]
[tmtc.edu.ph/wp-includes/js/dist/i18n.mineca5.js]
[tmtc.edu.ph/wp-content/plugins/elementor-pro/assets/js/frontend.min50fa.js]
[tmtc.edu.ph/wp-content/plugins/elementor-pro/assets/js/elements-handlers.min50fa.js]
[tmtc.edu.ph/wp-content/plugins/tablentor/assets/front/js/data-table.min5b75.js]
[tmtc.edu.ph/wp-content/plugins/tablentor/assets/front/js/table-csv5b75.js]
[tmtc.edu.ph/index.html]
[tmtc.edu.ph/wp-content/themes/hello-elementor/assets/css/reseta7da.css]
[tmtc.edu.ph/wp-content/themes/hello-elementor/assets/css/themea7da.css]
[tmtc.edu.ph/wp-content/themes/hello-elementor/assets/css/header-footera7da.css]
[tmtc.edu.ph/wp-content/plugins/elementor/assets/css/frontend.minae82.css]
[tmtc.edu.ph/wp-content/uploads/elementor/css/post-3672ebe6.css]
[tmtc.edu.ph/wp-content/plugins/elementor/assets/css/widget-image.minae82.css]
[tmtc.edu.ph/wp-content/plugins/elementor/assets/lib/animations/styles/e-animation-pop.minae82.css]
[tmtc.edu.ph/wp-content/plugins/elementor-pro/assets/css/widget-search.min50fa.css]
[tmtc.edu.ph/wp-content/plugins/elementor-pro/assets/css/modules/sticky.min50fa.css]
[tmtc.edu.ph/wp-content/plugins/elementor-pro/assets/css/widget-nav-menu.min50fa.css]
[tmtc.edu.ph/wp-content/plugins/elementor/assets/css/widget-social-icons.minae82.css]
[tmtc.edu.ph/wp-content/plugins/elementor/assets/css/conditionals/apple-webkit.minae82.css]
[tmtc.edu.ph/wp-content/plugins/elementor/assets/css/widget-heading.minae82.css]
[tmtc.edu.ph/wp-content/plugins/elementor/assets/css/widget-icon-list.minae82.css]
[tmtc.edu.ph/wp-content/plugins/tablentor/assets/front/css/data-table.min5b75.css]
[tmtc.edu.ph/wp-content/plugins/tablentor/assets/front/css/table-csv5b75.css]
[tmtc.edu.ph/wp-content/uploads/elementor/css/post-4671ebe6.css]
[tmtc.edu.ph/wp-content/uploads/elementor/css/post-4703ebe6.css]
[tmtc.edu.ph/wp-content/uploads/elementor/css/post-4696ebe6.css]
[tmtc.edu.ph/wp-content/plugins/elementor/assets/lib/animations/styles/fadeInUp.minae82.css]
[tmtc.edu.ph/wp-content/plugins/elementor/assets/lib/swiper/v8/css/swiper.min94a4.css]
[tmtc.edu.ph/wp-content/plugins/elementor/assets/css/conditionals/e-swiper.minae82.css]
[tmtc.edu.ph/wp-content/plugins/elementor-pro/assets/css/widget-slides.min50fa.css]
[tmtc.edu.ph/wp-content/plugins/elementor-pro/assets/css/modules/motion-fx.min50fa.css]
[tmtc.edu.ph/wp-content/uploads/2026/07/tmtcs-campus5-2.webp]
[tmtc.edu.ph/wp-content/uploads/elementor/css/post-3845ebe6.css]
[tmtc.edu.ph/wp-content/uploads/elementor/css/base-desktop757a.css]
[tmtc.edu.ph/wp-content/uploads/elementor/css/base-mobile757a.css]
[tmtc.edu.ph/wp-content/uploads/elementor/css/post-3679ebe6.css]
[tmtc.edu.ph/wp-content/uploads/elementor/css/post-4438abcb.css]
[tmtc.edu.ph/wp-json/wp/v2/pages/3845.json]
[www.googletagmanager.com/gtm5445.html]
[tmtc.edu.ph/wp-content/uploads/2026/05/ib-world-school-logo-1-colour.png]
[tmtc.edu.ph/wp-json/oembed/1.0/embeda90a.json]
[tmtc.edu.ph/wp-json/oembed/1.0/embed5cbe]
[tmtc.edu.ph/wp-json/wp/v2/pages/3860]
[tmtc.edu.ph/wp-content/uploads/2026/05/tmtcs-ib-scaled-1-1024x136.webp]
[tmtc.edu.ph/index3acd.html]
[tmtc.edu.ph/wp-content/uploads/2026/05/k12-07-scaled-1-683x1024.webp]
[tmtc.edu.ph/academics/basic-education/index.html]
[tmtc.edu.ph/academics/basic-education/about-us/index.html]
[tmtc.edu.ph/academics/basic-education/admissions/index.html]
[tmtc.edu.ph/wp-content/uploads/2026/05/medtech4-1024x747.webp]
[tmtc.edu.ph/academics/basic-education/special-programs/index.html]
[tmtc.edu.ph/wp-json/oembed/1.0/embed98d7.json]
[tmtc.edu.ph/academics/basic-education/international-baccalaureate/index.html]
[tmtc.edu.ph/wp-json/oembed/1.0/embedde4a]
[tmtc.edu.ph/wp-json/wp/v2/pages/3869]
[tmtc.edu.ph/wp-content/uploads/2026/05/Application-Form-College.pdf]
[tmtc.edu.ph/index2848.html]
[tmtc.edu.ph/wp-content/uploads/2026/06/BSMLS-2024-Prospectus.pdf]
[tmtc.edu.ph/wp-content/uploads/2026/06/BS-MLS-1024x770.png]
[tmtc.edu.ph/wp-content/uploads/2019/01/medtech-1024x683.jpg]
[tmtc.edu.ph/wp-content/uploads/2026/05/medtech3-1024x747.webp]
[tmtc.edu.ph/academics/bachelor-of-science-in-medical-laboratory-science/index.html]
[tmtc.edu.ph/wp-content/uploads/2026/05/nursing4-1024x456.webp]
[tmtc.edu.ph/wp-json/oembed/1.0/embed7203.json]
[tmtc.edu.ph/wp-json/oembed/1.0/embed2f06]
[tmtc.edu.ph/wp-json/wp/v2/pages/3880]
[tmtc.edu.ph/wp-content/uploads/2026/05/nusing5.webp]
[tmtc.edu.ph/index052c.html]
[tmtc.edu.ph/wp-content/uploads/2026/05/BSN-Curriculum.pdf]
[tmtc.edu.ph/wp-content/uploads/2026/05/designative1.webp]
[tmtc.edu.ph/academics/bachelor-of-science-in-nursing/index.html]
[tmtc.edu.ph/wp-content/uploads/2026/05/painting-811x1024.webp]
[tmtc.edu.ph/wp-json/oembed/1.0/embeda01f.json]
[tmtc.edu.ph/wp-json/oembed/1.0/embedded4]
[tmtc.edu.ph/wp-json/wp/v2/pages/3889]
[tmtc.edu.ph/wp-content/uploads/2026/05/scma-full-logo-red-scaled-1-1024x111.webp]
[tmtc.edu.ph/index41aa.html]
[tmtc.edu.ph/wp-content/uploads/2026/05/tmtcs-comicon.webp]
[tmtc.edu.ph/academics/school-of-computing-and-media-arts/index.html]
[tmtc.edu.ph/academics/school-of-computing-and-media-arts/admissions/index.html]
[tmtc.edu.ph/academics/school-of-computing-and-media-arts/multimedia-arts-society/index.html]
[tmtc.edu.ph/academics/school-of-computing-and-media-arts/about-us/index.html]
[tmtc.edu.ph/wp-content/uploads/2026/05/campus-tmtcs_1.webp]
[tmtc.edu.ph/academics/school-of-computing-and-media-arts/gallery/index.html]
[tmtc.edu.ph/wp-json/oembed/1.0/embed483e.json]
[tmtc.edu.ph/wp-json/oembed/1.0/embed9d25]
[tmtc.edu.ph/wp-json/wp/v2/pages/3897]
[tmtc.edu.ph/wp-content/uploads/2026/05/tmtcs-school-of-medicine-logo-1024x190.png]
[tmtc.edu.ph/indexe8fd.html]
[tmtc.edu.ph/wp-content/uploads/2020/10/IMG_20201027_094640-1024x768.jpg]
[tmtc.edu.ph/wp-content/uploads/2026/07/WhatsApp-Image-2026-07-21-at-01.41.23-1024x768.jpg]
[tmtc.edu.ph/academics/school-of-medicine/about-us/index.html]
[tmtc.edu.ph/wp-content/uploads/2026/05/Aetas-1024x456.webp]
[tmtc.edu.ph/academics/school-of-medicine/admissions/index.html]
[tmtc.edu.ph/academics/school-of-medicine/academics/index.html]
[tmtc.edu.ph/wp-content/uploads/2022/11/IMG_20220405_125820-1024x461.jpg]
[tmtc.edu.ph/academics/school-of-medicine/index.html]
[tmtc.edu.ph/academics/school-of-medicine/partner-hospitals/index.html]
[tmtc.edu.ph/wp-content/uploads/2026/05/preschool.webp]
[tmtc.edu.ph/academics/school-of-medicine/community/index.html]
[tmtc.edu.ph/wp-json/oembed/1.0/embed19da.json]
[tmtc.edu.ph/wp-json/oembed/1.0/embed3c27]
[tmtc.edu.ph/wp-json/wp/v2/pages/3905]
[tmtc.edu.ph/wp-content/uploads/2026/05/Fillable-Application-Form-Basic-Education-1.pdf]
[tmtc.edu.ph/wp-content/uploads/2026/05/preschool2.webp]
[tmtc.edu.ph/indexda0b.html]
[tmtc.edu.ph/wp-content/uploads/2026/05/TMTCS-Basic-Education-Prospectus.pdf]
[tmtc.edu.ph/wp-content/uploads/2026/05/1-10-v3.webp]
[tmtc.edu.ph/wp-content/uploads/2026/05/1-10-v4.webp]
[tmtc.edu.ph/wp-content/uploads/2026/05/Fillable-Application-Form-SHS.pdf]
[tmtc.edu.ph/wp-content/uploads/2026/05/hs-v1.webp]
[tmtc.edu.ph/wp-content/uploads/2026/05/11-12.webp]
[tmtc.edu.ph/wp-content/uploads/2026/05/nursing-v2.webp]
[tmtc.edu.ph/wp-content/uploads/2026/05/nursing-v3.webp]
[tmtc.edu.ph/wp-content/uploads/2026/05/BSMLS-Curriculum.pdf]
[tmtc.edu.ph/wp-content/uploads/2026/05/medtech-v1.webp]
[tmtc.edu.ph/wp-content/uploads/2026/05/medtech-v2.webp]
[tmtc.edu.ph/wp-content/uploads/2026/05/BMMA-Graphic-Design-Curriculum.pdf]
[tmtc.edu.ph/wp-content/uploads/2026/05/BMMA-Animation-Curriculum.pdf]
[tmtc.edu.ph/wp-content/uploads/2026/05/BMMA-FVP-Curriculum.pdf]
[tmtc.edu.ph/wp-content/uploads/2026/05/bmma-v3.webp]
[tmtc.edu.ph/wp-content/uploads/2026/05/bmma-v2.webp]
[tmtc.edu.ph/wp-content/uploads/2026/05/SCHOOL-OF-MEDICINE-Course-Syllabi-Year-Lvl-12-and-3.pdf]
[tmtc.edu.ph/wp-content/uploads/2026/05/medicine-v2.webp]
[tmtc.edu.ph/wp-content/uploads/2026/05/medicine.webp]
[tmtc.edu.ph/wp-content/uploads/2026/05/tmtcs-ig-1-683x1024.webp]
[tmtc.edu.ph/admissions/index.html]
[tmtc.edu.ph/wp-content/uploads/2026/05/Monica-Ang-848x1024.webp]
[tmtc.edu.ph/wp-json/oembed/1.0/embedb755.json]
[tmtc.edu.ph/wp-json/oembed/1.0/embedaee9]
[tmtc.edu.ph/wp-json/wp/v2/pages/3929]
[tmtc.edu.ph/about/about-tmtcs/index.html]
[tmtc.edu.ph/wp-content/uploads/2026/05/Monica-Ang-1.webp]
[tmtc.edu.ph/indexeacd.html]
[tmtc.edu.ph/wp-json/oembed/1.0/embedfca8.json]
[tmtc.edu.ph/wp-json/oembed/1.0/embed41e7]
[tmtc.edu.ph/wp-json/wp/v2/pages/3937]
[tmtc.edu.ph/wp-content/uploads/2026/05/Joana-Ang.webp]
[tmtc.edu.ph/index5ab9.html]
[tmtc.edu.ph/wp-content/uploads/2026/05/Ronnel.webp]
[tmtc.edu.ph/wp-content/uploads/2026/05/Billie.webp]
[tmtc.edu.ph/wp-content/uploads/2026/05/George.webp]
[tmtc.edu.ph/wp-content/uploads/2026/05/Menchie-Bacani-1.webp]
[tmtc.edu.ph/wp-content/uploads/2026/05/Laura.webp]
[tmtc.edu.ph/wp-content/uploads/2026/05/Sherwin.webp]
[tmtc.edu.ph/wp-content/uploads/2026/05/Corazon.webp]
[tmtc.edu.ph/wp-content/uploads/2026/05/KC.webp]
[tmtc.edu.ph/about/leadership/index.html]
[tmtc.edu.ph/wp-content/uploads/2026/05/The-Manila-Times-Newspaper.webp]
[tmtc.edu.ph/wp-json/oembed/1.0/embeda201.json]
[tmtc.edu.ph/wp-json/oembed/1.0/embede9cb]
[tmtc.edu.ph/wp-json/wp/v2/pages/3942]
[tmtc.edu.ph/wp-content/uploads/2026/05/The-Manila-Times-TV.webp]
[tmtc.edu.ph/indexc040.html]
[tmtc.edu.ph/wp-content/uploads/2026/05/Commission-on-Higher-Education.webp]
[tmtc.edu.ph/wp-content/uploads/2026/05/Ateneo-Confucius-Institute.webp]
[tmtc.edu.ph/wp-content/uploads/2026/05/JJAL-Robotics-Workshop.webp]
[tmtc.edu.ph/wp-content/uploads/2026/05/Department-of-Education.webp]
[tmtc.edu.ph/wp-content/uploads/2026/05/US-Embassy.webp]
[tmtc.edu.ph/wp-content/uploads/2026/05/Price-Waterhouse-Coopers.webp]
[tmtc.edu.ph/wp-content/uploads/2026/05/Manuel-L-Quezon-University.webp]
[tmtc.edu.ph/wp-content/uploads/2026/05/Baliuag-University.webp]
[tmtc.edu.ph/wp-content/uploads/2026/05/Jordan-Embassy-300x300.jpg]
[tmtc.edu.ph/wp-content/uploads/2026/05/National-College-of-Science-and-Technology.webp]
[tmtc.edu.ph/wp-content/uploads/2026/05/National-University.webp]
[tmtc.edu.ph/wp-content/uploads/2026/05/Lyceum-University-of-the-Philippines.webp]
[tmtc.edu.ph/wp-content/uploads/2026/06/scime-logo.webp]
[tmtc.edu.ph/about/partners/index.html]
[tmtc.edu.ph/wp-content/uploads/2026/05/Mrs.-Cathy-Alcala.webp]
[tmtc.edu.ph/wp-json/oembed/1.0/embed9707.json]
[tmtc.edu.ph/wp-json/oembed/1.0/embedfc35]
[tmtc.edu.ph/wp-json/wp/v2/pages/3961]
[tmtc.edu.ph/wp-content/uploads/2026/05/Mrs.-Joni-Jose-Lin.webp]
[tmtc.edu.ph/indexa3cf.html]
[tmtc.edu.ph/wp-content/uploads/2026/05/Mrs.-Francesca-Niegas.webp]
[tmtc.edu.ph/wp-content/uploads/2026/05/Mr-Jeremy-Mann.webp]
[tmtc.edu.ph/about/testimonials/index.html]
[tmtc.edu.ph/news/page/2/index.html]
[tmtc.edu.ph/wp-content/uploads/2026/06/image-15-e1782379369257-300x167.png]
[tmtc.edu.ph/wp-content/uploads/2020/10/IMG_7940-300x300.jpg]
[tmtc.edu.ph/tmtcs-school-of-medicine-appoints-sankara-consultancy-as-official-international-admissions-partner/index.html]
[tmtc.edu.ph/wp-content/uploads/2022/12/132843-300x225.jpg]
[tmtc.edu.ph/why-study-in-subic-a-place-where-learning-and-opportunity-meet/index.html]
[tmtc.edu.ph/wp-content/uploads/2022/12/128900-300x225.jpg]
[tmtc.edu.ph/tmtcs-ties-up-with-canadian-school/index.html]
[tmtc.edu.ph/wp-content/uploads/2022/12/124418-300x200.jpg]
[tmtc.edu.ph/tmtcs-forges-partnership-with-canadian-school/index.html]
[tmtc.edu.ph/wp-content/uploads/2022/12/87811-300x194.jpg]
[tmtc.edu.ph/news/index.html]
[tmtc.edu.ph/theater-play-in-olongapo-a-success/index.html]
[tmtc.edu.ph/tmtcs-fdcp-roll-out-filmmaking-workshop-series/index.html]
[tmtc.edu.ph/news/page/3/index.html]
[tmtc.edu.ph/news/page/6/index.html]
[tmtc.edu.ph/wp-json/oembed/1.0/embedbbc7.json]
[tmtc.edu.ph/wp-json/oembed/1.0/embedf0f1]
[tmtc.edu.ph/wp-json/wp/v2/pages/3970]
[tmtc.edu.ph/online-library/index.html]
[tmtc.edu.ph/wp-content/uploads/2026/05/nursing1.webp]
[tmtc.edu.ph/index59b2.html]
[tmtc.edu.ph/wp-json/oembed/1.0/embed01a0.json]
[tmtc.edu.ph/wp-json/oembed/1.0/embed1003]
[tmtc.edu.ph/wp-json/wp/v2/pages/3976]
[tmtc.edu.ph/wp-content/uploads/2026/05/gs.webp]
[tmtc.edu.ph/index05a0.html]
[tmtc.edu.ph/wp-content/uploads/2026/05/med.webp]
[tmtc.edu.ph/wp-content/uploads/2026/05/pre.webp]
[tmtc.edu.ph/wp-content/uploads/2026/05/scms1.webp]
[tmtc.edu.ph/wp-content/uploads/2026/05/hs1.webp]
[tmtc.edu.ph/wp-content/uploads/2026/05/medtech1.webp]
[tmtc.edu.ph/wp-content/uploads/2026/05/tmtcs-sheild-transparent.webp]
[tmtc.edu.ph/wp-content/uploads/2026/05/swimming-team.webp]
[tmtc.edu.ph/wp-content/uploads/2026/05/football.webp]
[tmtc.edu.ph/wp-content/uploads/2026/05/campus.webp]
[tmtc.edu.ph/campus-life/life-at-tmtcs/index.html]
[tmtc.edu.ph/wp-json/oembed/1.0/embed715a.json]
[tmtc.edu.ph/wp-json/oembed/1.0/embed5781]
[tmtc.edu.ph/wp-json/wp/v2/pages/3995]
[tmtc.edu.ph/campus-life/student-leaders/index.html]
[tmtc.edu.ph/indexf053.html]
[tmtc.edu.ph/wp-json/oembed/1.0/embed42a3.json]
[tmtc.edu.ph/wp-json/oembed/1.0/embed4b50]
[tmtc.edu.ph/wp-json/wp/v2/pages/4000]
[tmtc.edu.ph/contact-us/index.html]
[tmtc.edu.ph/wp-content/uploads/2026/05/k12-04-1024x683.webp]
[tmtc.edu.ph/index854d.html]
[tmtc.edu.ph/wp-json/oembed/1.0/embed490c.json]
[tmtc.edu.ph/wp-json/oembed/1.0/embed063a]
[tmtc.edu.ph/wp-json/wp/v2/pages/4029]
[tmtc.edu.ph/wp-content/uploads/2026/05/k12-14-1024x683.webp]
[tmtc.edu.ph/academics/basic-education/preschool-and-elementary-program/index.html]
[tmtc.edu.ph/index7853.html]
[tmtc.edu.ph/wp-content/uploads/2026/05/k12-10-1024x680.webp]
[tmtc.edu.ph/wp-json/oembed/1.0/embedd6ae.json]
[tmtc.edu.ph/wp-json/oembed/1.0/embed9519]
[tmtc.edu.ph/wp-json/wp/v2/pages/4035]
[tmtc.edu.ph/academics/basic-education/junior-high-school/index.html]
[tmtc.edu.ph/index951f.html]
[tmtc.edu.ph/wp-json/oembed/1.0/embedfaa7.json]
[tmtc.edu.ph/wp-json/oembed/1.0/embed6ff0]
[tmtc.edu.ph/wp-json/wp/v2/pages/4042]
[tmtc.edu.ph/academics/basic-education/senior-high-school/index.html]
[tmtc.edu.ph/wp-content/plugins/elementor-pro/assets/css/conditionals/popup.min50fa.css]
[tmtc.edu.ph/wp-content/plugins/elementor/assets/lib/animations/styles/fadeIn.minae82.css]
[tmtc.edu.ph/wp-content/uploads/elementor/css/post-4681ab73.css]
[tmtc.edu.ph/wp-content/uploads/2026/05/k12-class.webp]
[tmtc.edu.ph/indexc926.html]
[tmtc.edu.ph/wp-content/uploads/2026/05/cap-bg.webp]
[tmtc.edu.ph/wp-content/uploads/elementor/css/post-3860713d.css]
[tmtc.edu.ph/wp-content/uploads/elementor/css/post-4353713d.css]
[tmtc.edu.ph/wp-json/wp/v2/pages/3860.json]
[tmtc.edu.ph/index3acd.html]
[tmtc.edu.ph/wp-content/uploads/2026/05/TMTCS-Principal-893x1024.webp]
[tmtc.edu.ph/wp-json/oembed/1.0/embed4def.json]
[tmtc.edu.ph/wp-json/oembed/1.0/embed9327]
[tmtc.edu.ph/wp-json/wp/v2/pages/4008]
[tmtc.edu.ph/academics/basic-education/about-us/index.html]
[tmtc.edu.ph/index2be0.html]
[tmtc.edu.ph/wp-json/oembed/1.0/embed114a.json]
[tmtc.edu.ph/wp-json/oembed/1.0/embed107e]
[tmtc.edu.ph/wp-json/wp/v2/pages/4014]
[tmtc.edu.ph/academics/basic-education/admissions/index.html]
[tmtc.edu.ph/wp-content/uploads/2026/05/ib-world-school-logo-colour.png]
[tmtc.edu.ph/index4660.html]
[tmtc.edu.ph/wp-json/oembed/1.0/embed31c7.json]
[tmtc.edu.ph/wp-json/oembed/1.0/embed46f6]
[tmtc.edu.ph/wp-json/wp/v2/pages/4019]
[tmtc.edu.ph/wp-content/uploads/2026/05/TMTCS-Assessment-Policy-2022.pdf]
[tmtc.edu.ph/indexf743.html]
[tmtc.edu.ph/wp-content/uploads/2026/05/TMTCS-Admissions-Policy-.pdf]
[tmtc.edu.ph/wp-content/uploads/2026/05/TMTCS-Academic-Honesty-Policy-2022.pdf]
[tmtc.edu.ph/wp-content/uploads/2026/05/TMTCS-Inclusion-Policy-2022.pdf]
[tmtc.edu.ph/wp-content/uploads/2026/05/TMTCS-Language-Policy.pdf]
[tmtc.edu.ph/academics/basic-education/international-baccalaureate/index.html]
[tmtc.edu.ph/wp-content/uploads/2026/05/k12-08-1024x683.webp]
[tmtc.edu.ph/wp-json/oembed/1.0/embedc886.json]
[tmtc.edu.ph/wp-json/oembed/1.0/embed4192]
[tmtc.edu.ph/wp-json/wp/v2/pages/4050]
[tmtc.edu.ph/wp-content/uploads/2026/05/k12-02-1024x683.webp]
[tmtc.edu.ph/index94fb.html]
[tmtc.edu.ph/wp-content/uploads/2026/05/k12-01-1024x683.webp]
[tmtc.edu.ph/wp-content/uploads/2026/05/k12-09-1024x683.webp]
[tmtc.edu.ph/academics/basic-education/special-programs/index.html]
[tmtc.edu.ph/wp-content/uploads/elementor/css/post-46932c97.css]
[tmtc.edu.ph/wp-content/uploads/2026/05/BSMLS.jpg]
[tmtc.edu.ph/wp-content/uploads/elementor/css/post-38692c97.css]
[tmtc.edu.ph/wp-json/wp/v2/pages/3869.json]
[tmtc.edu.ph/index2848.html]
[tmtc.edu.ph/wp-content/uploads/elementor/css/post-46906a9f.css]
[tmtc.edu.ph/wp-content/plugins/elementor/assets/css/widget-nested-accordion.minae82.css]
[tmtc.edu.ph/wp-content/uploads/2026/05/nursing-hero.jpg]
[tmtc.edu.ph/wp-content/uploads/elementor/css/post-38806a9f.css]
[tmtc.edu.ph/wp-json/wp/v2/pages/3880.json]
[tmtc.edu.ph/index052c.html]
[tmtc.edu.ph/wp-content/plugins/elementor-pro/assets/css/widget-social.min50fa.css]
[tmtc.edu.ph/wp-content/uploads/2026/05/media-hero.webp]
[tmtc.edu.ph/wp-content/uploads/elementor/css/post-38890681.css]
[tmtc.edu.ph/wp-content/uploads/elementor/css/post-43060681.css]
[tmtc.edu.ph/wp-content/uploads/elementor/css/post-45300681.css]
[tmtc.edu.ph/wp-json/wp/v2/pages/3889.json]
[tmtc.edu.ph/index41aa.html]
[tmtc.edu.ph/wp-json/oembed/1.0/embeda2ae.json]
[tmtc.edu.ph/wp-json/oembed/1.0/embed0b04]
[tmtc.edu.ph/wp-json/wp/v2/pages/4063]
[tmtc.edu.ph/academics/school-of-computing-and-media-arts/about-us/index.html]
[tmtc.edu.ph/indexf591.html]
[tmtc.edu.ph/wp-json/oembed/1.0/embed62eb.json]
[tmtc.edu.ph/wp-json/oembed/1.0/embed7bcc]
[tmtc.edu.ph/wp-json/wp/v2/pages/4068]
[tmtc.edu.ph/academics/school-of-computing-and-media-arts/admissions/index.html]
[tmtc.edu.ph/wp-content/uploads/2026/05/media-arts-society-1024x379.webp]
[tmtc.edu.ph/indexa1dd.html]
[tmtc.edu.ph/wp-json/oembed/1.0/embed633d.json]
[tmtc.edu.ph/wp-json/oembed/1.0/embed2a95]
[tmtc.edu.ph/wp-json/wp/v2/pages/4075]
[tmtc.edu.ph/academics/school-of-computing-and-media-arts/multimedia-arts-society/'https_/tmtc.edu.ph/wp-content/uploads/2026/05/bnw4.webp']
[tmtc.edu.ph/index3c89.html]
[tmtc.edu.ph/academics/school-of-computing-and-media-arts/multimedia-arts-society/https_/tmtc.edu.ph/wp-content/uploads/2026/05/bnw4.webp]
[tmtc.edu.ph/academics/school-of-computing-and-media-arts/multimedia-arts-society/'https_/tmtc.edu.ph/wp-content/uploads/2026/05/bnw2.webp']
[tmtc.edu.ph/academics/school-of-computing-and-media-arts/multimedia-arts-society/https_/tmtc.edu.ph/wp-content/uploads/2026/05/bnw2.webp]
[tmtc.edu.ph/academics/school-of-computing-and-media-arts/multimedia-arts-society/'https_/tmtc.edu.ph/wp-content/uploads/2026/05/bnw5.webp']
[tmtc.edu.ph/academics/school-of-computing-and-media-arts/multimedia-arts-society/https_/tmtc.edu.ph/wp-content/uploads/2026/05/bnw5.webp]
[tmtc.edu.ph/academics/school-of-computing-and-media-arts/multimedia-arts-society/'https_/tmtc.edu.ph/wp-content/uploads/2026/05/bnw3.webp']
[tmtc.edu.ph/academics/school-of-computing-and-media-arts/multimedia-arts-society/https_/tmtc.edu.ph/wp-content/uploads/2026/05/bnw3.webp]
[tmtc.edu.ph/academics/school-of-computing-and-media-arts/multimedia-arts-society/'https_/tmtc.edu.ph/wp-content/uploads/2026/05/bnw6.webp']
[tmtc.edu.ph/academics/school-of-computing-and-media-arts/multimedia-arts-society/https_/tmtc.edu.ph/wp-content/uploads/2026/05/bnw6.webp]
[tmtc.edu.ph/academics/school-of-computing-and-media-arts/multimedia-arts-society/'https_/tmtc.edu.ph/wp-content/uploads/2026/05/bnw1.webp']
[tmtc.edu.ph/academics/school-of-computing-and-media-arts/multimedia-arts-society/https_/tmtc.edu.ph/wp-content/uploads/2026/05/bnw1.webp]
[tmtc.edu.ph/academics/school-of-computing-and-media-arts/multimedia-arts-society/'https_/tmtc.edu.ph/wp-content/uploads/2026/05/ojtc4.webp']
[tmtc.edu.ph/academics/school-of-computing-and-media-arts/multimedia-arts-society/https_/tmtc.edu.ph/wp-content/uploads/2026/05/ojtc4.webp]
[tmtc.edu.ph/academics/school-of-computing-and-media-arts/multimedia-arts-society/'https_/tmtc.edu.ph/wp-content/uploads/2026/05/ojtc5.webp']
[tmtc.edu.ph/academics/school-of-computing-and-media-arts/multimedia-arts-society/https_/tmtc.edu.ph/wp-content/uploads/2026/05/ojtc5.webp]
[tmtc.edu.ph/academics/school-of-computing-and-media-arts/multimedia-arts-society/'https_/tmtc.edu.ph/wp-content/uploads/2026/05/ojtc3.webp']
[tmtc.edu.ph/academics/school-of-computing-and-media-arts/multimedia-arts-society/https_/tmtc.edu.ph/wp-content/uploads/2026/05/ojtc3.webp]
[tmtc.edu.ph/academics/school-of-computing-and-media-arts/multimedia-arts-society/'https_/tmtc.edu.ph/wp-content/uploads/2026/05/ojtc2.webp']
[tmtc.edu.ph/academics/school-of-computing-and-media-arts/multimedia-arts-society/https_/tmtc.edu.ph/wp-content/uploads/2026/05/ojtc2.webp]
[tmtc.edu.ph/academics/school-of-computing-and-media-arts/multimedia-arts-society/'https_/tmtc.edu.ph/wp-content/uploads/2026/05/ojtc1.webp']
[tmtc.edu.ph/academics/school-of-computing-and-media-arts/multimedia-arts-society/https_/tmtc.edu.ph/wp-content/uploads/2026/05/ojtc1.webp]
[tmtc.edu.ph/academics/school-of-computing-and-media-arts/multimedia-arts-society/'https_/tmtc.edu.ph/wp-content/uploads/2026/05/hallo5.webp']
[tmtc.edu.ph/academics/school-of-computing-and-media-arts/multimedia-arts-society/https_/tmtc.edu.ph/wp-content/uploads/2026/05/hallo5.webp]
[tmtc.edu.ph/academics/school-of-computing-and-media-arts/multimedia-arts-society/'https_/tmtc.edu.ph/wp-content/uploads/2026/05/hallo4.webp']
[tmtc.edu.ph/academics/school-of-computing-and-media-arts/multimedia-arts-society/https_/tmtc.edu.ph/wp-content/uploads/2026/05/hallo4.webp]
[tmtc.edu.ph/academics/school-of-computing-and-media-arts/multimedia-arts-society/'https_/tmtc.edu.ph/wp-content/uploads/2026/05/hallo3.webp']
[tmtc.edu.ph/academics/school-of-computing-and-media-arts/multimedia-arts-society/https_/tmtc.edu.ph/wp-content/uploads/2026/05/hallo3.webp]
[tmtc.edu.ph/academics/school-of-computing-and-media-arts/multimedia-arts-society/'https_/tmtc.edu.ph/wp-content/uploads/2026/05/hallo1.webp']
[tmtc.edu.ph/academics/school-of-computing-and-media-arts/multimedia-arts-society/https_/tmtc.edu.ph/wp-content/uploads/2026/05/hallo1.webp]
[tmtc.edu.ph/academics/school-of-computing-and-media-arts/multimedia-arts-society/'https_/tmtc.edu.ph/wp-content/uploads/2026/05/hallo2.webp']
[tmtc.edu.ph/academics/school-of-computing-and-media-arts/multimedia-arts-society/https_/tmtc.edu.ph/wp-content/uploads/2026/05/hallo2.webp]
[tmtc.edu.ph/academics/school-of-computing-and-media-arts/multimedia-arts-society/'https_/tmtc.edu.ph/wp-content/uploads/2026/05/designative8.webp']
[tmtc.edu.ph/academics/school-of-computing-and-media-arts/multimedia-arts-society/https_/tmtc.edu.ph/wp-content/uploads/2026/05/designative8.webp]
[tmtc.edu.ph/academics/school-of-computing-and-media-arts/multimedia-arts-society/'https_/tmtc.edu.ph/wp-content/uploads/2026/05/designative7.webp']
[tmtc.edu.ph/academics/school-of-computing-and-media-arts/multimedia-arts-society/https_/tmtc.edu.ph/wp-content/uploads/2026/05/designative7.webp]
[tmtc.edu.ph/academics/school-of-computing-and-media-arts/multimedia-arts-society/'https_/tmtc.edu.ph/wp-content/uploads/2026/05/designative6.webp']
[tmtc.edu.ph/academics/school-of-computing-and-media-arts/multimedia-arts-society/https_/tmtc.edu.ph/wp-content/uploads/2026/05/designative6.webp]
[tmtc.edu.ph/academics/school-of-computing-and-media-arts/multimedia-arts-society/'https_/tmtc.edu.ph/wp-content/uploads/2026/05/designative5.webp']
[tmtc.edu.ph/academics/school-of-computing-and-media-arts/multimedia-arts-society/https_/tmtc.edu.ph/wp-content/uploads/2026/05/designative5.webp]
[tmtc.edu.ph/academics/school-of-computing-and-media-arts/multimedia-arts-society/'https_/tmtc.edu.ph/wp-content/uploads/2026/05/designative4.webp']
[tmtc.edu.ph/academics/school-of-computing-and-media-arts/multimedia-arts-society/https_/tmtc.edu.ph/wp-content/uploads/2026/05/designative4.webp]
[tmtc.edu.ph/academics/school-of-computing-and-media-arts/multimedia-arts-society/'https_/tmtc.edu.ph/wp-content/uploads/2026/05/designative3.webp']
[tmtc.edu.ph/academics/school-of-computing-and-media-arts/multimedia-arts-society/https_/tmtc.edu.ph/wp-content/uploads/2026/05/designative3.webp]
[tmtc.edu.ph/academics/school-of-computing-and-media-arts/multimedia-arts-society/'https_/tmtc.edu.ph/wp-content/uploads/2026/05/designative2.webp']
[tmtc.edu.ph/academics/school-of-computing-and-media-arts/multimedia-arts-society/https_/tmtc.edu.ph/wp-content/uploads/2026/05/designative2.webp]
[tmtc.edu.ph/academics/school-of-computing-and-media-arts/multimedia-arts-society/'https_/tmtc.edu.ph/wp-content/uploads/2026/05/designative1.webp']
[tmtc.edu.ph/academics/school-of-computing-and-media-arts/multimedia-arts-society/https_/tmtc.edu.ph/wp-content/uploads/2026/05/designative1.webp]
[tmtc.edu.ph/academics/school-of-computing-and-media-arts/multimedia-arts-society/'https_/tmtc.edu.ph/wp-content/uploads/2026/05/et5.webp']
[tmtc.edu.ph/academics/school-of-computing-and-media-arts/multimedia-arts-society/https_/tmtc.edu.ph/wp-content/uploads/2026/05/et5.webp]
[tmtc.edu.ph/academics/school-of-computing-and-media-arts/multimedia-arts-society/'https_/tmtc.edu.ph/wp-content/uploads/2026/05/et4.webp']
[tmtc.edu.ph/academics/school-of-computing-and-media-arts/multimedia-arts-society/https_/tmtc.edu.ph/wp-content/uploads/2026/05/et4.webp]
[tmtc.edu.ph/academics/school-of-computing-and-media-arts/multimedia-arts-society/'https_/tmtc.edu.ph/wp-content/uploads/2026/05/et3.webp']
[tmtc.edu.ph/academics/school-of-computing-and-media-arts/multimedia-arts-society/https_/tmtc.edu.ph/wp-content/uploads/2026/05/et3.webp]
[tmtc.edu.ph/academics/school-of-computing-and-media-arts/multimedia-arts-society/'https_/tmtc.edu.ph/wp-content/uploads/2026/05/et1.webp']
[tmtc.edu.ph/academics/school-of-computing-and-media-arts/multimedia-arts-society/https_/tmtc.edu.ph/wp-content/uploads/2026/05/et1.webp]
[tmtc.edu.ph/academics/school-of-computing-and-media-arts/multimedia-arts-society/'https_/tmtc.edu.ph/wp-content/uploads/2026/05/et2.webp']
[tmtc.edu.ph/academics/school-of-computing-and-media-arts/multimedia-arts-society/https_/tmtc.edu.ph/wp-content/uploads/2026/05/et2.webp]
[tmtc.edu.ph/academics/school-of-computing-and-media-arts/multimedia-arts-society/'https_/tmtc.edu.ph/wp-content/uploads/2026/05/nam9.webp']
[tmtc.edu.ph/academics/school-of-computing-and-media-arts/multimedia-arts-society/https_/tmtc.edu.ph/wp-content/uploads/2026/05/nam9.webp]
[tmtc.edu.ph/academics/school-of-computing-and-media-arts/multimedia-arts-society/'https_/tmtc.edu.ph/wp-content/uploads/2026/05/nam8.webp']
[tmtc.edu.ph/academics/school-of-computing-and-media-arts/multimedia-arts-society/https_/tmtc.edu.ph/wp-content/uploads/2026/05/nam8.webp]
[tmtc.edu.ph/academics/school-of-computing-and-media-arts/multimedia-arts-society/'https_/tmtc.edu.ph/wp-content/uploads/2026/05/nam7.webp']
[tmtc.edu.ph/academics/school-of-computing-and-media-arts/multimedia-arts-society/https_/tmtc.edu.ph/wp-content/uploads/2026/05/nam7.webp]
[tmtc.edu.ph/academics/school-of-computing-and-media-arts/multimedia-arts-society/'https_/tmtc.edu.ph/wp-content/uploads/2026/05/nam6.webp']
[tmtc.edu.ph/academics/school-of-computing-and-media-arts/multimedia-arts-society/https_/tmtc.edu.ph/wp-content/uploads/2026/05/nam6.webp]
[tmtc.edu.ph/academics/school-of-computing-and-media-arts/multimedia-arts-society/'https_/tmtc.edu.ph/wp-content/uploads/2026/05/nam5.webp']
[tmtc.edu.ph/academics/school-of-computing-and-media-arts/multimedia-arts-society/https_/tmtc.edu.ph/wp-content/uploads/2026/05/nam5.webp]
[tmtc.edu.ph/academics/school-of-computing-and-media-arts/multimedia-arts-society/'https_/tmtc.edu.ph/wp-content/uploads/2026/05/nam4.webp']
[tmtc.edu.ph/academics/school-of-computing-and-media-arts/multimedia-arts-society/https_/tmtc.edu.ph/wp-content/uploads/2026/05/nam4.webp]
[tmtc.edu.ph/academics/school-of-computing-and-media-arts/multimedia-arts-society/'https_/tmtc.edu.ph/wp-content/uploads/2026/05/nam3.webp']
[tmtc.edu.ph/academics/school-of-computing-and-media-arts/multimedia-arts-society/https_/tmtc.edu.ph/wp-content/uploads/2026/05/nam3.webp]
[tmtc.edu.ph/academics/school-of-computing-and-media-arts/multimedia-arts-society/'https_/tmtc.edu.ph/wp-content/uploads/2026/05/nam2.webp']
[tmtc.edu.ph/academics/school-of-computing-and-media-arts/multimedia-arts-society/https_/tmtc.edu.ph/wp-content/uploads/2026/05/nam2.webp]
[tmtc.edu.ph/academics/school-of-computing-and-media-arts/multimedia-arts-society/'https_/tmtc.edu.ph/wp-content/uploads/2026/05/nam1.webp']
[tmtc.edu.ph/academics/school-of-computing-and-media-arts/multimedia-arts-society/https_/tmtc.edu.ph/wp-content/uploads/2026/05/nam1.webp]
[tmtc.edu.ph/academics/school-of-computing-and-media-arts/multimedia-arts-society/'https_/tmtc.edu.ph/wp-content/uploads/2026/05/clf12.webp']
[tmtc.edu.ph/academics/school-of-computing-and-media-arts/multimedia-arts-society/https_/tmtc.edu.ph/wp-content/uploads/2026/05/clf12.webp]
[tmtc.edu.ph/academics/school-of-computing-and-media-arts/multimedia-arts-society/'https_/tmtc.edu.ph/wp-content/uploads/2026/05/clf11.webp']
[tmtc.edu.ph/academics/school-of-computing-and-media-arts/multimedia-arts-society/https_/tmtc.edu.ph/wp-content/uploads/2026/05/clf11.webp]
[tmtc.edu.ph/academics/school-of-computing-and-media-arts/multimedia-arts-society/'https_/tmtc.edu.ph/wp-content/uploads/2026/05/clf10.webp']
[tmtc.edu.ph/academics/school-of-computing-and-media-arts/multimedia-arts-society/https_/tmtc.edu.ph/wp-content/uploads/2026/05/clf10.webp]
[tmtc.edu.ph/academics/school-of-computing-and-media-arts/multimedia-arts-society/'https_/tmtc.edu.ph/wp-content/uploads/2026/05/clf9.webp']
[tmtc.edu.ph/academics/school-of-computing-and-media-arts/multimedia-arts-society/https_/tmtc.edu.ph/wp-content/uploads/2026/05/clf9.webp]
[tmtc.edu.ph/academics/school-of-computing-and-media-arts/multimedia-arts-society/'https_/tmtc.edu.ph/wp-content/uploads/2026/05/clf8.webp']
[tmtc.edu.ph/academics/school-of-computing-and-media-arts/multimedia-arts-society/https_/tmtc.edu.ph/wp-content/uploads/2026/05/clf8.webp]
[tmtc.edu.ph/academics/school-of-computing-and-media-arts/multimedia-arts-society/'https_/tmtc.edu.ph/wp-content/uploads/2026/05/clf7.webp']
[tmtc.edu.ph/academics/school-of-computing-and-media-arts/multimedia-arts-society/https_/tmtc.edu.ph/wp-content/uploads/2026/05/clf7.webp]
[tmtc.edu.ph/academics/school-of-computing-and-media-arts/multimedia-arts-society/'https_/tmtc.edu.ph/wp-content/uploads/2026/05/clf6.webp']
[tmtc.edu.ph/academics/school-of-computing-and-media-arts/multimedia-arts-society/https_/tmtc.edu.ph/wp-content/uploads/2026/05/clf6.webp]
[tmtc.edu.ph/academics/school-of-computing-and-media-arts/multimedia-arts-society/'https_/tmtc.edu.ph/wp-content/uploads/2026/05/clf4.webp']
[tmtc.edu.ph/academics/school-of-computing-and-media-arts/multimedia-arts-society/https_/tmtc.edu.ph/wp-content/uploads/2026/05/clf4.webp]
[tmtc.edu.ph/academics/school-of-computing-and-media-arts/multimedia-arts-society/'https_/tmtc.edu.ph/wp-content/uploads/2026/05/clf3.webp']
[tmtc.edu.ph/academics/school-of-computing-and-media-arts/multimedia-arts-society/https_/tmtc.edu.ph/wp-content/uploads/2026/05/clf3.webp]
[tmtc.edu.ph/academics/school-of-computing-and-media-arts/multimedia-arts-society/'https_/tmtc.edu.ph/wp-content/uploads/2026/05/clf2.webp']
[tmtc.edu.ph/academics/school-of-computing-and-media-arts/multimedia-arts-society/https_/tmtc.edu.ph/wp-content/uploads/2026/05/clf2.webp]
[tmtc.edu.ph/academics/school-of-computing-and-media-arts/multimedia-arts-society/'https_/tmtc.edu.ph/wp-content/uploads/2026/05/clf1.webp']
[tmtc.edu.ph/academics/school-of-computing-and-media-arts/multimedia-arts-society/https_/tmtc.edu.ph/wp-content/uploads/2026/05/clf1.webp]
[tmtc.edu.ph/academics/school-of-computing-and-media-arts/multimedia-arts-society/index.html]
[tmtc.edu.ph/wp-json/oembed/1.0/embede91f.json]
[tmtc.edu.ph/wp-json/oembed/1.0/embed9bd5]
[tmtc.edu.ph/wp-json/wp/v2/pages/4129]
[tmtc.edu.ph/academics/school-of-computing-and-media-arts/gallery/index.html]
[tmtc.edu.ph/wp-content/plugins/elementor/assets/css/widget-video.minae82.css]
[tmtc.edu.ph/wp-content/uploads/2026/05/medicine-hero.webp]
[tmtc.edu.ph/wp-content/uploads/elementor/css/post-389765b4.css]
[tmtc.edu.ph/wp-content/uploads/elementor/css/post-427365b4.css]
[tmtc.edu.ph/wp-json/wp/v2/pages/3897.json]
[tmtc.edu.ph/indexe8fd.html]
[tmtc.edu.ph/indexe47c.html]
[tmtc.edu.ph/wp-content/uploads/2026/07/WhatsApp-Image-2026-07-21-at-01.40.19-1-1024x576.jpg]
[tmtc.edu.ph/wp-json/oembed/1.0/embed961a.json]
[tmtc.edu.ph/wp-json/oembed/1.0/embed5373]
[tmtc.edu.ph/wp-json/wp/v2/pages/4143]
[tmtc.edu.ph/wp-content/uploads/2026/05/med-students-v2-1024x683.webp]
[tmtc.edu.ph/academics/school-of-medicine/about-us/index.html]
[tmtc.edu.ph/index2483.html]
[tmtc.edu.ph/wp-content/uploads/2026/05/tmtcs-campus2-1-1024x684.webp]
[tmtc.edu.ph/wp-json/oembed/1.0/embedf50e.json]
[tmtc.edu.ph/wp-json/oembed/1.0/embedfa32]
[tmtc.edu.ph/wp-json/wp/v2/pages/4153]
[tmtc.edu.ph/wp-content/uploads/2026/05/tmtcs-med2-1024x576.jpg]
[tmtc.edu.ph/academics/school-of-medicine/admissions/index.html]
[tmtc.edu.ph/index4f0d.html]
[tmtc.edu.ph/wp-json/oembed/1.0/embeda11f.json]
[tmtc.edu.ph/wp-json/oembed/1.0/embed122b]
[tmtc.edu.ph/wp-json/wp/v2/pages/4254]
[tmtc.edu.ph/academics/school-of-medicine/academics/index.html]
[tmtc.edu.ph/wp-content/uploads/2026/05/bghmc-1024x683.webp]
[tmtc.edu.ph/index850e.html]
[tmtc.edu.ph/wp-json/oembed/1.0/embed5893.json]
[tmtc.edu.ph/wp-json/oembed/1.0/embedcb13]
[tmtc.edu.ph/wp-json/wp/v2/pages/4159]
[tmtc.edu.ph/wp-content/uploads/2026/05/jlgmh-1024x683.webp]
[tmtc.edu.ph/indexdd3f.html]
[tmtc.edu.ph/wp-content/uploads/2026/05/jb-1024x766.webp]
[tmtc.edu.ph/wp-content/uploads/2026/05/prmmh-1024x683.webp]
[tmtc.edu.ph/academics/school-of-medicine/partner-hospitals/index.html]
[tmtc.edu.ph/wp-json/oembed/1.0/embed900f.json]
[tmtc.edu.ph/wp-json/oembed/1.0/embed5b20]
[tmtc.edu.ph/wp-json/wp/v2/pages/4168]
[tmtc.edu.ph/wp-content/uploads/2026/05/outreach-1024x585.webp]
[tmtc.edu.ph/academics/school-of-medicine/community/index.html]
[tmtc.edu.ph/wp-content/plugins/elementor/assets/css/widget-nested-tabs.minae82.css]
[tmtc.edu.ph/wp-content/uploads/elementor/css/post-390511be.css]
[tmtc.edu.ph/wp-json/wp/v2/pages/3905.json]
[tmtc.edu.ph/indexda0b.html]
[tmtc.edu.ph/wp-content/uploads/elementor/css/post-3929c145.css]
[tmtc.edu.ph/wp-json/wp/v2/pages/3929.json]
[tmtc.edu.ph/indexeacd.html]
[tmtc.edu.ph/wp-content/plugins/elementor/assets/lib/animations/styles/e-animation-grow.minae82.css]
[tmtc.edu.ph/wp-content/plugins/elementor/assets/css/widget-image-box.minae82.css]
[tmtc.edu.ph/wp-content/uploads/elementor/css/post-3937dafb.css]
[tmtc.edu.ph/wp-json/wp/v2/pages/3937.json]
[tmtc.edu.ph/index5ab9.html]
[tmtc.edu.ph/wp-content/uploads/elementor/css/post-3942a789.css]
[tmtc.edu.ph/wp-json/wp/v2/pages/3942.json]
[tmtc.edu.ph/indexc040.html]
[tmtc.edu.ph/wp-content/plugins/elementor/assets/css/widget-testimonial.minae82.css]
[tmtc.edu.ph/indexdf6a.html]
[tmtc.edu.ph/wp-content/uploads/2026/05/hero-bg.webp]
[tmtc.edu.ph/wp-content/uploads/elementor/css/post-3961813c.css]
[tmtc.edu.ph/wp-json/wp/v2/pages/3961.json]
[tmtc.edu.ph/indexa3cf.html]
[tmtc.edu.ph/wp-content/uploads/2022/12/89872-300x195.jpg]
[tmtc.edu.ph/tmtcs-fdcp-hold-filmmaking-workshop/index.html]
[tmtc.edu.ph/tmtcs-holds-environmental-forum/index.html]
[tmtc.edu.ph/wp-content/uploads/2022/12/image8-300x200.jpg]
[tmtc.edu.ph/wp-content/uploads/2022/12/98978-300x170.jpg]
[tmtc.edu.ph/wp-content/uploads/2022/12/image6-217x300.jpg]
[tmtc.edu.ph/wp-content/uploads/2022/12/image5-249x300.jpg]
[tmtc.edu.ph/top-filmmakers-speak-at-fdcp-tmtcs-workshop/index.html]
[tmtc.edu.ph/tmtc-subic-staffer-reaps-honors-for-short-film/index.html]
[tmtc.edu.ph/wp-content/uploads/2022/12/image4-285x300.jpg]
[tmtc.edu.ph/news/page/2/index.html]
[tmtc.edu.ph/wp-includes/css/dist/block-library/style.min40dd.css]
[tmtc.edu.ph/wp-content/plugins/elementor-pro/assets/css/widget-posts.min50fa.css]
[tmtc.edu.ph/wp-content/uploads/elementor/css/post-4375b9b4.css]
[tmtc.edu.ph/tmtc-cammp-chairman-cited-at-gapo-awards-2022/index.html]
[tmtc.edu.ph/wp-content/uploads/2026/06/image-15-e1782379369257.png]
[tmtc.edu.ph/tmtcs-department-head-captures-2-sprint-golds/index.html]
[tmtc.edu.ph/news/page/4/index.html]
[tmtc.edu.ph/wp-json/oembed/1.0/embed593f.json]
[tmtc.edu.ph/wp-json/oembed/1.0/embedd877]
[tmtc.edu.ph/wp-json/wp/v2/posts/5500]
[tmtc.edu.ph/wp-content/uploads/2026/06/image-15-e1782379369257-1024x570.png]
[tmtc.edu.ph/index9e74.html]
[tmtc.edu.ph/wp-content/uploads/2026/06/image-15-e1782379369257-768x427.png]
[tmtc.edu.ph/wp-content/uploads/2020/10/IMG_7940-768x768.jpg]
[tmtc.edu.ph/wp-content/uploads/2022/12/132843-768x576.jpg]
[tmtc.edu.ph/tmtcs-school-of-medicine-appoints-sankara-consultancy-as-official-international-admissions-partner/index.html]
[tmtc.edu.ph/wp-content/uploads/2020/10/IMG_7940-1024x1024.jpg]
[tmtc.edu.ph/wp-json/oembed/1.0/embed55fa.json]
[tmtc.edu.ph/wp-json/oembed/1.0/embed7604]
[tmtc.edu.ph/wp-json/wp/v2/posts/5314]
[tmtc.edu.ph/why-study-in-subic-a-place-where-learning-and-opportunity-meet/index.html]
[tmtc.edu.ph/wp-content/uploads/2022/12/132843.jpg]
[tmtc.edu.ph/index8197.html]
[tmtc.edu.ph/wp-json/oembed/1.0/embed4e0d.json]
[tmtc.edu.ph/wp-json/oembed/1.0/embed404d]
[tmtc.edu.ph/wp-json/wp/v2/posts/3412]
[tmtc.edu.ph/wp-content/uploads/2022/12/132843-1024x768.jpg]
[tmtc.edu.ph/tmtcs-ties-up-with-canadian-school/index.html]
[tmtc.edu.ph/indexb1b4.html]
[tmtc.edu.ph/wp-content/uploads/2022/12/128900.jpg]
[tmtc.edu.ph/wp-json/oembed/1.0/embeda2a3.json]
[tmtc.edu.ph/wp-json/oembed/1.0/embed5b47]
[tmtc.edu.ph/wp-json/wp/v2/posts/3409]
[tmtc.edu.ph/wp-content/uploads/2022/12/128900-1024x768.jpg]
[tmtc.edu.ph/tmtcs-forges-partnership-with-canadian-school/index.html]
[tmtc.edu.ph/index39b9.html]
[tmtc.edu.ph/wp-content/uploads/2022/12/124418.jpg]
[tmtc.edu.ph/wp-json/oembed/1.0/embed0f4a.json]
[tmtc.edu.ph/wp-json/oembed/1.0/embedaa21]
[tmtc.edu.ph/wp-json/wp/v2/posts/3406]
[tmtc.edu.ph/theater-play-in-olongapo-a-success/index.html]
[tmtc.edu.ph/wp-content/uploads/2022/12/87811.jpg]
[tmtc.edu.ph/index9765.html]
[tmtc.edu.ph/wp-json/oembed/1.0/embeda224.json]
[tmtc.edu.ph/wp-json/oembed/1.0/embedd9f7]
[tmtc.edu.ph/wp-json/wp/v2/posts/3403]
[tmtc.edu.ph/tmtcs-fdcp-roll-out-filmmaking-workshop-series/index.html]
[tmtc.edu.ph/wp-content/uploads/2022/12/image3-300x193.jpg]
[tmtc.edu.ph/index3375.html]
[tmtc.edu.ph/wp-content/uploads/2022/12/image2-300x200.jpg]
[tmtc.edu.ph/wp-content/uploads/2022/11/images1-300x184.jpg]
[tmtc.edu.ph/tmtcs-a-big-winner-at-film-festival/index.html]
[tmtc.edu.ph/major-play-to-be-staged-in-olongapo/index.html]
[tmtc.edu.ph/wp-content/uploads/2021/04/HD-Panorama--300x169.png]
[tmtc.edu.ph/tmtcs-visits-ust-ipea-for-benchmarking-meeting-2/index.html]
[tmtc.edu.ph/wp-content/uploads/2020/12/Screen-Shot-2020-12-10-at-9.06.43-AM-300x150.png]
[tmtc.edu.ph/the-manila-times-college-progresses-as-it-becomes-an-international-baccalaureate-candidate-school/index.html]
[tmtc.edu.ph/wp-content/uploads/2020/10/COVID-19-Card-3-300x169.jpg]
[tmtc.edu.ph/news/page/3/index.html]
[tmtc.edu.ph/tmtcs-official-campus-paper-is-now-online/index.html]
[tmtc.edu.ph/govt-eyes-private-labs-for-ofw-covid-tests/index.html]
[tmtc.edu.ph/wp-content/uploads/2019/04/journalismplus-300x200.jpg]
[tmtc.edu.ph/news/page/5/index.html]
[tmtc.edu.ph/wp-content/uploads/2018/12/JCI1-300x200.jpg]
[tmtc.edu.ph/journplusenrolment/index.html]
[tmtc.edu.ph/wp-content/uploads/2019/06/43rd-swim-300x225.jpg]
[tmtc.edu.ph/news/page/6/index.html]
[tmtc.edu.ph/jci58thinduction/index.html]
[tmtc.edu.ph/wp-content/uploads/2026/05/TMTCS-Google.webp]
[tmtc.edu.ph/wp-content/uploads/elementor/css/post-3970c353.css]
[tmtc.edu.ph/wp-json/wp/v2/pages/3970.json]
[tmtc.edu.ph/index59b2.html]
[tmtc.edu.ph/wp-content/uploads/elementor/css/post-3976a523.css]
[tmtc.edu.ph/wp-json/wp/v2/pages/3976.json]
[tmtc.edu.ph/index05a0.html]
[tmtc.edu.ph/wp-content/uploads/elementor/css/post-399588cb.css]
[tmtc.edu.ph/wp-json/wp/v2/pages/3995.json]
[tmtc.edu.ph/indexf053.html]
[tmtc.edu.ph/wp-content/plugins/elementor/assets/css/widget-google_maps.minae82.css]
[tmtc.edu.ph/wp-content/uploads/elementor/css/post-4000ca04.css]
[tmtc.edu.ph/wp-json/wp/v2/pages/4000.json]
[tmtc.edu.ph/index854d.html]
[tmtc.edu.ph/wp-content/uploads/elementor/css/post-4029e7b1.css]
[tmtc.edu.ph/wp-json/wp/v2/pages/4029.json]
[tmtc.edu.ph/index7853.html]
[tmtc.edu.ph/wp-content/uploads/elementor/css/post-40357a14.css]
[tmtc.edu.ph/wp-json/wp/v2/pages/4035.json]
[tmtc.edu.ph/index951f.html]
[tmtc.edu.ph/royal-stallions-dominate-43rd-cnlcsca-swim-series/index.html]
[tmtc.edu.ph/wp-content/uploads/2026/05/k12-11.webp]
[tmtc.edu.ph/wp-content/uploads/elementor/css/post-40425a92.css]
[tmtc.edu.ph/wp-json/wp/v2/pages/4042.json]
[tmtc.edu.ph/indexc926.html]
[tmtc.edu.ph/wp-content/uploads/elementor/css/post-4008cc52.css]
[tmtc.edu.ph/wp-json/wp/v2/pages/4008.json]
[tmtc.edu.ph/index2be0.html]
[tmtc.edu.ph/wp-content/uploads/elementor/css/post-4014f052.css]
[tmtc.edu.ph/wp-json/wp/v2/pages/4014.json]
[tmtc.edu.ph/index4660.html]
[tmtc.edu.ph/news/page/7/index.html]
[tmtc.edu.ph/wp-content/uploads/elementor/css/post-40197730.css]
[tmtc.edu.ph/wp-json/wp/v2/pages/4019.json]
[tmtc.edu.ph/indexf743.html]
[tmtc.edu.ph/wp-content/uploads/2026/05/k12-06-scaled-1.webp]
[tmtc.edu.ph/wp-content/uploads/elementor/css/post-4050e019.css]
[tmtc.edu.ph/wp-json/wp/v2/pages/4050.json]
[tmtc.edu.ph/index94fb.html]
[tmtc.edu.ph/wp-content/uploads/elementor/css/post-4063e026.css]
[tmtc.edu.ph/wp-json/wp/v2/pages/4063.json]
[tmtc.edu.ph/indexf591.html]
[tmtc.edu.ph/wp-content/uploads/elementor/css/post-40685169.css]
[tmtc.edu.ph/wp-json/wp/v2/pages/4068.json]
[tmtc.edu.ph/indexa1dd.html]
[tmtc.edu.ph/wp-content/plugins/elementor-pro/assets/css/widget-media-carousel.min50fa.css]
[tmtc.edu.ph/wp-content/plugins/elementor-pro/assets/css/widget-carousel-module-base.min50fa.css]
[tmtc.edu.ph/wp-content/uploads/elementor/css/post-4075cf63.css]
[tmtc.edu.ph/wp-json/wp/v2/pages/4075.json]
[tmtc.edu.ph/index3c89.html]
[tmtc.edu.ph/academics/school-of-computing-and-media-arts/multimedia-arts-society/https_/tmtc.edu.ph/wp-content/uploads/2026/05/bnw4.html]
[tmtc.edu.ph/academics/school-of-computing-and-media-arts/multimedia-arts-society/https_/tmtc.edu.ph/wp-content/uploads/2026/05/bnw2.html]
[tmtc.edu.ph/academics/school-of-computing-and-media-arts/multimedia-arts-society/https_/tmtc.edu.ph/wp-content/uploads/2026/05/bnw5.html]
[tmtc.edu.ph/academics/school-of-computing-and-media-arts/multimedia-arts-society/https_/tmtc.edu.ph/wp-content/uploads/2026/05/bnw3.html]
[tmtc.edu.ph/academics/school-of-computing-and-media-arts/multimedia-arts-society/https_/tmtc.edu.ph/wp-content/uploads/2026/05/bnw6.html]
[tmtc.edu.ph/academics/school-of-computing-and-media-arts/multimedia-arts-society/https_/tmtc.edu.ph/wp-content/uploads/2026/05/bnw1.html]
[tmtc.edu.ph/academics/school-of-computing-and-media-arts/multimedia-arts-society/https_/tmtc.edu.ph/wp-content/uploads/2026/05/ojtc4.html]
[tmtc.edu.ph/academics/school-of-computing-and-media-arts/multimedia-arts-society/https_/tmtc.edu.ph/wp-content/uploads/2026/05/ojtc5.html]
[tmtc.edu.ph/academics/school-of-computing-and-media-arts/multimedia-arts-society/https_/tmtc.edu.ph/wp-content/uploads/2026/05/ojtc3.html]
[tmtc.edu.ph/academics/school-of-computing-and-media-arts/multimedia-arts-society/https_/tmtc.edu.ph/wp-content/uploads/2026/05/ojtc2.html]
[tmtc.edu.ph/academics/school-of-computing-and-media-arts/multimedia-arts-society/https_/tmtc.edu.ph/wp-content/uploads/2026/05/ojtc1.html]
[tmtc.edu.ph/academics/school-of-computing-and-media-arts/multimedia-arts-society/https_/tmtc.edu.ph/wp-content/uploads/2026/05/hallo5.html]
[tmtc.edu.ph/academics/school-of-computing-and-media-arts/multimedia-arts-society/https_/tmtc.edu.ph/wp-content/uploads/2026/05/hallo4.html]
[tmtc.edu.ph/academics/school-of-computing-and-media-arts/multimedia-arts-society/https_/tmtc.edu.ph/wp-content/uploads/2026/05/hallo3.html]
[tmtc.edu.ph/academics/school-of-computing-and-media-arts/multimedia-arts-society/https_/tmtc.edu.ph/wp-content/uploads/2026/05/hallo1.html]
[tmtc.edu.ph/academics/school-of-computing-and-media-arts/multimedia-arts-society/https_/tmtc.edu.ph/wp-content/uploads/2026/05/hallo2.html]
[tmtc.edu.ph/academics/school-of-computing-and-media-arts/multimedia-arts-society/https_/tmtc.edu.ph/wp-content/uploads/2026/05/designative8.html]
[tmtc.edu.ph/academics/school-of-computing-and-media-arts/multimedia-arts-society/https_/tmtc.edu.ph/wp-content/uploads/2026/05/designative7.html]
[tmtc.edu.ph/academics/school-of-computing-and-media-arts/multimedia-arts-society/https_/tmtc.edu.ph/wp-content/uploads/2026/05/designative6.html]
[tmtc.edu.ph/academics/school-of-computing-and-media-arts/multimedia-arts-society/https_/tmtc.edu.ph/wp-content/uploads/2026/05/designative5.html]
[tmtc.edu.ph/academics/school-of-computing-and-media-arts/multimedia-arts-society/https_/tmtc.edu.ph/wp-content/uploads/2026/05/designative4.html]
[tmtc.edu.ph/academics/school-of-computing-and-media-arts/multimedia-arts-society/https_/tmtc.edu.ph/wp-content/uploads/2026/05/designative3.html]
[tmtc.edu.ph/academics/school-of-computing-and-media-arts/multimedia-arts-society/https_/tmtc.edu.ph/wp-content/uploads/2026/05/designative2.html]
[tmtc.edu.ph/academics/school-of-computing-and-media-arts/multimedia-arts-society/https_/tmtc.edu.ph/wp-content/uploads/2026/05/designative1.html]
[tmtc.edu.ph/academics/school-of-computing-and-media-arts/multimedia-arts-society/https_/tmtc.edu.ph/wp-content/uploads/2026/05/et5.html]
[tmtc.edu.ph/academics/school-of-computing-and-media-arts/multimedia-arts-society/https_/tmtc.edu.ph/wp-content/uploads/2026/05/et4.html]
[tmtc.edu.ph/academics/school-of-computing-and-media-arts/multimedia-arts-society/https_/tmtc.edu.ph/wp-content/uploads/2026/05/et3.html]
[tmtc.edu.ph/academics/school-of-computing-and-media-arts/multimedia-arts-society/https_/tmtc.edu.ph/wp-content/uploads/2026/05/et1.html]
[tmtc.edu.ph/academics/school-of-computing-and-media-arts/multimedia-arts-society/https_/tmtc.edu.ph/wp-content/uploads/2026/05/et2.html]
[tmtc.edu.ph/academics/school-of-computing-and-media-arts/multimedia-arts-society/https_/tmtc.edu.ph/wp-content/uploads/2026/05/nam9.html]
[tmtc.edu.ph/academics/school-of-computing-and-media-arts/multimedia-arts-society/https_/tmtc.edu.ph/wp-content/uploads/2026/05/nam8.html]
[tmtc.edu.ph/academics/school-of-computing-and-media-arts/multimedia-arts-society/https_/tmtc.edu.ph/wp-content/uploads/2026/05/nam7.html]
[tmtc.edu.ph/academics/school-of-computing-and-media-arts/multimedia-arts-society/https_/tmtc.edu.ph/wp-content/uploads/2026/05/nam6.html]
[tmtc.edu.ph/academics/school-of-computing-and-media-arts/multimedia-arts-society/https_/tmtc.edu.ph/wp-content/uploads/2026/05/nam5.html]
[tmtc.edu.ph/academics/school-of-computing-and-media-arts/multimedia-arts-society/https_/tmtc.edu.ph/wp-content/uploads/2026/05/nam4.html]
[tmtc.edu.ph/academics/school-of-computing-and-media-arts/multimedia-arts-society/https_/tmtc.edu.ph/wp-content/uploads/2026/05/nam3.html]
[tmtc.edu.ph/academics/school-of-computing-and-media-arts/multimedia-arts-society/https_/tmtc.edu.ph/wp-content/uploads/2026/05/nam2.html]
[tmtc.edu.ph/academics/school-of-computing-and-media-arts/multimedia-arts-society/https_/tmtc.edu.ph/wp-content/uploads/2026/05/nam1.html]
[tmtc.edu.ph/academics/school-of-computing-and-media-arts/multimedia-arts-society/https_/tmtc.edu.ph/wp-content/uploads/2026/05/clf12.html]
[tmtc.edu.ph/academics/school-of-computing-and-media-arts/multimedia-arts-society/https_/tmtc.edu.ph/wp-content/uploads/2026/05/clf11.html]
[tmtc.edu.ph/academics/school-of-computing-and-media-arts/multimedia-arts-society/https_/tmtc.edu.ph/wp-content/uploads/2026/05/clf10.html]
[tmtc.edu.ph/academics/school-of-computing-and-media-arts/multimedia-arts-society/https_/tmtc.edu.ph/wp-content/uploads/2026/05/clf9.html]
[tmtc.edu.ph/academics/school-of-computing-and-media-arts/multimedia-arts-society/https_/tmtc.edu.ph/wp-content/uploads/2026/05/clf8.html]
[tmtc.edu.ph/academics/school-of-computing-and-media-arts/multimedia-arts-society/https_/tmtc.edu.ph/wp-content/uploads/2026/05/clf7.html]
[tmtc.edu.ph/academics/school-of-computing-and-media-arts/multimedia-arts-society/https_/tmtc.edu.ph/wp-content/uploads/2026/05/clf6.html]
[tmtc.edu.ph/academics/school-of-computing-and-media-arts/multimedia-arts-society/https_/tmtc.edu.ph/wp-content/uploads/2026/05/clf4.html]
[tmtc.edu.ph/academics/school-of-computing-and-media-arts/multimedia-arts-society/https_/tmtc.edu.ph/wp-content/uploads/2026/05/clf3.html]
[tmtc.edu.ph/academics/school-of-computing-and-media-arts/multimedia-arts-society/https_/tmtc.edu.ph/wp-content/uploads/2026/05/clf2.html]
[tmtc.edu.ph/academics/school-of-computing-and-media-arts/multimedia-arts-society/https_/tmtc.edu.ph/wp-content/uploads/2026/05/clf1.html]
[tmtc.edu.ph/wp-content/uploads/elementor/css/post-41291268.css]
[tmtc.edu.ph/wp-json/wp/v2/pages/4129.json]
[tmtc.edu.ph/indexe47c.html]
[tmtc.edu.ph/wp-content/uploads/elementor/css/post-4143ed7b.css]
[tmtc.edu.ph/wp-json/wp/v2/pages/4143.json]
[tmtc.edu.ph/index2483.html]
[tmtc.edu.ph/wp-content/uploads/elementor/css/post-41531ff3.css]
[tmtc.edu.ph/wp-json/wp/v2/pages/4153.json]
[tmtc.edu.ph/index4f0d.html]
[tmtc.edu.ph/wp-content/plugins/elementor-pro/assets/css/widget-flip-box.min50fa.css]
[tmtc.edu.ph/wp-content/uploads/elementor/css/post-42542168.css]
[tmtc.edu.ph/wp-json/wp/v2/pages/4254.json]
[tmtc.edu.ph/index850e.html]
[tmtc.edu.ph/wp-content/uploads/elementor/css/post-415936ca.css]
[tmtc.edu.ph/wp-json/wp/v2/pages/4159.json]
[tmtc.edu.ph/indexdd3f.html]
[tmtc.edu.ph/wp-content/uploads/elementor/css/post-4168d2d9.css]
[tmtc.edu.ph/wp-json/wp/v2/pages/4168.json]
[tmtc.edu.ph/indexdf6a.html]
[tmtc.edu.ph/wp-content/uploads/2022/12/89872.jpg]
[tmtc.edu.ph/wp-json/oembed/1.0/embed9f77.json]
[tmtc.edu.ph/wp-json/oembed/1.0/embed3d65]
[tmtc.edu.ph/wp-json/wp/v2/posts/3400]
[tmtc.edu.ph/tmtcs-fdcp-hold-filmmaking-workshop/index.html]
[tmtc.edu.ph/wp-content/uploads/2022/12/image8.jpg]
[tmtc.edu.ph/indexfd0b.html]
[tmtc.edu.ph/wp-json/oembed/1.0/embedb4ad.json]
[tmtc.edu.ph/wp-json/oembed/1.0/embed3732]
[tmtc.edu.ph/wp-json/wp/v2/posts/3397]
[tmtc.edu.ph/tmtcs-holds-environmental-forum/index.html]
[tmtc.edu.ph/wp-content/uploads/2022/12/98978.jpg]
[tmtc.edu.ph/index87ad.html]
[tmtc.edu.ph/wp-json/oembed/1.0/embed64ac.json]
[tmtc.edu.ph/wp-json/oembed/1.0/embed2773]
[tmtc.edu.ph/wp-json/wp/v2/posts/3394]
[tmtc.edu.ph/top-filmmakers-speak-at-fdcp-tmtcs-workshop/index.html]
[tmtc.edu.ph/wp-content/uploads/2022/12/image6.jpg]
[tmtc.edu.ph/indexce66.html]
[tmtc.edu.ph/wp-json/oembed/1.0/embed3bbc.json]
[tmtc.edu.ph/wp-json/oembed/1.0/embed319b]
[tmtc.edu.ph/wp-json/wp/v2/posts/3391]
[tmtc.edu.ph/wp-content/uploads/2022/12/image6-740x1024.jpg]
[tmtc.edu.ph/tmtc-subic-staffer-reaps-honors-for-short-film/index.html]
[tmtc.edu.ph/index105b.html]
[tmtc.edu.ph/wp-content/uploads/2022/12/image5.jpg]
[tmtc.edu.ph/wp-json/oembed/1.0/embed781f.json]
[tmtc.edu.ph/wp-json/oembed/1.0/embeda792]
[tmtc.edu.ph/wp-json/wp/v2/posts/3388]
[tmtc.edu.ph/wp-content/uploads/2022/12/image5-848x1024.jpg]
[tmtc.edu.ph/tmtc-cammp-chairman-cited-at-gapo-awards-2022/index.html]
[tmtc.edu.ph/indexb827.html]
[tmtc.edu.ph/wp-content/uploads/2022/12/image4.jpg]
[tmtc.edu.ph/wp-json/oembed/1.0/embeda26b.json]
[tmtc.edu.ph/wp-json/oembed/1.0/embed266e]
[tmtc.edu.ph/wp-json/wp/v2/posts/3385]
[tmtc.edu.ph/wp-content/uploads/2022/12/image4-972x1024.jpg]
[tmtc.edu.ph/tmtcs-department-head-captures-2-sprint-golds/index.html]
[tmtc.edu.ph/indexcaf7.html]
[tmtc.edu.ph/wp-content/uploads/2020/10/65813690_347989689233497_4784827544677384192_o-300x169.jpg]
[tmtc.edu.ph/wp-content/uploads/2020/04/UntitledDesign_1282153085-300x169.jpg]
[tmtc.edu.ph/wp-content/uploads/2020/04/Announcementscovid-19_981925324-300x251.jpg]
[tmtc.edu.ph/dr-bing-milla-named-founding-dean/index.html]
[tmtc.edu.ph/we-are-proud-of-you-james/index.html]
[tmtc.edu.ph/wp-content/uploads/2020/04/Enrollment-ongoing-300x157.png]
[tmtc.edu.ph/wp-content/uploads/2019/06/310119_campuspress3-300x200.jpg]
[tmtc.edu.ph/wp-content/uploads/2019/06/kate-oranza-300x225.jpg]
[tmtc.edu.ph/news/page/4/index.html]
[tmtc.edu.ph/online-enrolment/index.html]
[tmtc.edu.ph/wp-content/plugins/elementor-pro/assets/css/widget-share-buttons.min50fa.css]
[tmtc.edu.ph/wp-content/uploads/elementor/css/post-4215c4fc.css]
[tmtc.edu.ph/wp-json/wp/v2/posts/5500.json]
[tmtc.edu.ph/index9e74.html]
[tmtc.edu.ph/wp-content/uploads/elementor/css/post-4429a437.css]
[tmtc.edu.ph/wp-content/plugins/elementor-pro/assets/css/widget-form.min50fa.css]
[tmtc.edu.ph/wp-json/wp/v2/posts/5314.json]
[tmtc.edu.ph/index8197.html]
[tmtc.edu.ph/wp-json/wp/v2/posts/3412.json]
[tmtc.edu.ph/indexb1b4.html]
[tmtc.edu.ph/wp-json/wp/v2/posts/3409.json]
[tmtc.edu.ph/index39b9.html]
[tmtc.edu.ph/wp-json/wp/v2/posts/3406.json]
[tmtc.edu.ph/index9765.html]
[tmtc.edu.ph/wp-json/wp/v2/posts/3403.json]
[tmtc.edu.ph/index3375.html]
[tmtc.edu.ph/covid-19updates/index.html]
[tmtc.edu.ph/help-restore-trust-in-media-campus-journalists-urged/index.html]
[tmtc.edu.ph/wp-content/uploads/2022/12/image3.jpg]
[tmtc.edu.ph/tmtcs-awardee-bags-ateneo-de-manila-scholarship/index.html]
[tmtc.edu.ph/wp-json/oembed/1.0/embed4029.json]
[tmtc.edu.ph/wp-json/oembed/1.0/embed438d]
[tmtc.edu.ph/wp-json/wp/v2/posts/3382]
[tmtc.edu.ph/tmtcs-a-big-winner-at-film-festival/index.html]
[tmtc.edu.ph/wp-content/uploads/2022/12/image2.jpg]
[tmtc.edu.ph/indexa4ae.html]
[tmtc.edu.ph/wp-json/oembed/1.0/embed7a80.json]
[tmtc.edu.ph/wp-json/oembed/1.0/embed7390]
[tmtc.edu.ph/wp-json/wp/v2/posts/3377]
[tmtc.edu.ph/major-play-to-be-staged-in-olongapo/index.html]
[tmtc.edu.ph/wp-content/uploads/2022/11/images1.jpg]
[tmtc.edu.ph/index7589.html]
[tmtc.edu.ph/wp-json/oembed/1.0/embedc019.json]
[tmtc.edu.ph/wp-json/oembed/1.0/embed4ba7]
[tmtc.edu.ph/wp-json/wp/v2/posts/3201]
[tmtc.edu.ph/tmtcs-visits-ust-ipea-for-benchmarking-meeting-2/index.html]
[tmtc.edu.ph/wp-content/uploads/2021/04/HD-Panorama-.png]
[tmtc.edu.ph/indexba95.html]
[tmtc.edu.ph/wp-json/oembed/1.0/embed55b0.json]
[tmtc.edu.ph/wp-json/oembed/1.0/embedb281]
[tmtc.edu.ph/wp-json/wp/v2/posts/2838]
[tmtc.edu.ph/wp-content/uploads/2021/04/HD-Panorama--1024x576.png]
[tmtc.edu.ph/the-manila-times-college-progresses-as-it-becomes-an-international-baccalaureate-candidate-school/index.html]
[tmtc.edu.ph/index03c0.html]
[tmtc.edu.ph/wp-content/uploads/2020/12/Screen-Shot-2020-12-10-at-9.06.43-AM.png]
[tmtc.edu.ph/wp-json/oembed/1.0/embedf14d.json]
[tmtc.edu.ph/wp-json/oembed/1.0/embed1a30]
[tmtc.edu.ph/wp-json/wp/v2/posts/2782]
[tmtc.edu.ph/tmtcs-official-campus-paper-is-now-online/index.html]
[tmtc.edu.ph/wp-content/uploads/2020/10/COVID-19-Card-3.jpg]
[tmtc.edu.ph/indexfa1b.html]
[tmtc.edu.ph/wp-json/oembed/1.0/embed42b0.json]
[tmtc.edu.ph/wp-json/oembed/1.0/embed50ef]
[tmtc.edu.ph/wp-json/wp/v2/posts/2465]
[tmtc.edu.ph/govt-eyes-private-labs-for-ofw-covid-tests/index.html]
[tmtc.edu.ph/wp-content/uploads/2019/06/64208212_314989489378450_4158799330725068800_n-300x225.jpg]
[tmtc.edu.ph/indexae85.html]
[tmtc.edu.ph/the-royal-stallions-swim-team-2019/index.html]
[tmtc.edu.ph/5th-commencement-exercises/index.html]
[tmtc.edu.ph/wp-content/uploads/2019/06/Moving-Up-ceremony-300x225.jpg]
[tmtc.edu.ph/wp-content/uploads/2019/06/shs-graduation-2019-300x200.jpg]
[tmtc.edu.ph/wp-content/uploads/2019/05/Nurses-2019BC-e1556978494512.jpg]
[tmtc.edu.ph/wp-content/uploads/2019/05/59482372_1316130308541584_467101238450716672_n-300x225.jpg]
[tmtc.edu.ph/2nd-senior-high-school-graduation/index.html]
[tmtc.edu.ph/tmtcs-helps-deploy-nurses-to-saudia-arabia/index.html]
[tmtc.edu.ph/wp-content/uploads/2019/04/B-enrollment-announcement-FB-2019-300x189.jpg]
[tmtc.edu.ph/news/page/5/index.html]
[tmtc.edu.ph/tmtcs-music-recital-2019/index.html]
[tmtc.edu.ph/wp-content/uploads/2019/04/journalismplus.jpg]
[tmtc.edu.ph/grand-enrollment-2019/index.html]
[tmtc.edu.ph/wp-json/oembed/1.0/embedf999.json]
[tmtc.edu.ph/wp-json/oembed/1.0/embede06c]
[tmtc.edu.ph/wp-json/wp/v2/posts/1]
[tmtc.edu.ph/wp-content/uploads/2019/04/journalismplus-1024x683.jpg]
[tmtc.edu.ph/journplusenrolment/index.html]
[tmtc.edu.ph/indexcff1.html]
[tmtc.edu.ph/wp-content/uploads/2018/12/JCI1-1024x683.jpg]
[tmtc.edu.ph/wp-json/oembed/1.0/embed1a29.json]
[tmtc.edu.ph/wp-json/oembed/1.0/embedb331]
[tmtc.edu.ph/wp-json/wp/v2/posts/249]
[tmtc.edu.ph/jci58thinduction/index.html]
[tmtc.edu.ph/wp-content/uploads/2019/06/43rd-swim-1024x768.jpg]
[tmtc.edu.ph/index1a93.html]
[tmtc.edu.ph/wp-json/oembed/1.0/embedeaa2.json]
[tmtc.edu.ph/wp-json/oembed/1.0/embed605d]
[tmtc.edu.ph/wp-json/wp/v2/posts/1640]
[tmtc.edu.ph/royal-stallions-dominate-43rd-cnlcsca-swim-series/index.html]
[tmtc.edu.ph/news/page/7/index.html]
[tmtc.edu.ph/wp-json/wp/v2/posts/3400.json]
[tmtc.edu.ph/indexfd0b.html]
[tmtc.edu.ph/wp-json/wp/v2/posts/3397.json]
[tmtc.edu.ph/index87ad.html]
[tmtc.edu.ph/wp-json/wp/v2/posts/3394.json]
[tmtc.edu.ph/indexce66.html]
[tmtc.edu.ph/wp-json/wp/v2/posts/3391.json]
[tmtc.edu.ph/index105b.html]
[tmtc.edu.ph/wp-json/wp/v2/posts/3388.json]
[tmtc.edu.ph/indexb827.html]
[tmtc.edu.ph/wp-json/wp/v2/posts/3385.json]
[tmtc.edu.ph/indexcaf7.html]
[tmtc.edu.ph/wp-content/uploads/2020/10/65813690_347989689233497_4784827544677384192_o.jpg]
[tmtc.edu.ph/indexe10c.html]
[tmtc.edu.ph/wp-json/oembed/1.0/embedc65d.json]
[tmtc.edu.ph/wp-json/oembed/1.0/embedd2ca]
[tmtc.edu.ph/wp-json/wp/v2/posts/2461]
[tmtc.edu.ph/wp-content/uploads/2020/10/65813690_347989689233497_4784827544677384192_o-1024x576.jpg]
[tmtc.edu.ph/dr-bing-milla-named-founding-dean/index.html]
[tmtc.edu.ph/indexcd86.html]
[tmtc.edu.ph/wp-content/uploads/2020/04/UntitledDesign_1282153085.jpg]
[tmtc.edu.ph/wp-json/oembed/1.0/embed5a07.json]
[tmtc.edu.ph/wp-json/oembed/1.0/embed4cfa]
[tmtc.edu.ph/wp-json/wp/v2/posts/1776.231.delayed]
[tmtc.edu.ph/wp-content/uploads/2020/04/UntitledDesign_1282153085-1024x576.jpg]
[tmtc.edu.ph/we-are-proud-of-you-james/index.html]
[tmtc.edu.ph/index7e0f.html]
[tmtc.edu.ph/wp-content/uploads/2020/04/Announcementscovid-19_981925324.jpg]
[tmtc.edu.ph/wp-json/oembed/1.0/embed000d.json]
[tmtc.edu.ph/wp-json/oembed/1.0/embedd07b]
[tmtc.edu.ph/wp-json/wp/v2/posts/1779]
[tmtc.edu.ph/covid-19updates/index.html]
[tmtc.edu.ph/wp-content/uploads/2020/04/Enrollment-ongoing.png]
[tmtc.edu.ph/indexa823.html]
[tmtc.edu.ph/wp-json/oembed/1.0/embedc201.json]
[tmtc.edu.ph/wp-json/oembed/1.0/embed98d4]
[tmtc.edu.ph/wp-json/wp/v2/posts/1724]
[tmtc.edu.ph/wp-content/uploads/2020/04/Enrollment-ongoing-1024x536.png]
[tmtc.edu.ph/online-enrolment/index.html]
[tmtc.edu.ph/indexcc0b.html]
[tmtc.edu.ph/wp-content/uploads/2019/06/310119_campuspress3.jpg]
[tmtc.edu.ph/wp-json/oembed/1.0/embed1b59.json]
[tmtc.edu.ph/wp-json/oembed/1.0/embed16cb]
[tmtc.edu.ph/wp-json/wp/v2/posts/1701]
[tmtc.edu.ph/help-restore-trust-in-media-campus-journalists-urged/index.html]
[tmtc.edu.ph/wp-content/uploads/2019/06/kate-oranza.jpg]
[tmtc.edu.ph/index9cab.html]
[tmtc.edu.ph/wp-json/oembed/1.0/embed17b2.json]
[tmtc.edu.ph/wp-json/oembed/1.0/embedd2bf]
[tmtc.edu.ph/wp-json/wp/v2/posts/1673]
[tmtc.edu.ph/tmtcs-awardee-bags-ateneo-de-manila-scholarship/index.html]
[tmtc.edu.ph/wp-json/wp/v2/posts/3382.json]
[tmtc.edu.ph/indexa4ae.html]
[tmtc.edu.ph/wp-json/wp/v2/posts/3377.json]
[tmtc.edu.ph/index7589.html]
[tmtc.edu.ph/wp-json/wp/v2/posts/3201.json]
[tmtc.edu.ph/indexba95.html]
[tmtc.edu.ph/wp-json/wp/v2/posts/2838.json]
[tmtc.edu.ph/index03c0.html]
[tmtc.edu.ph/wp-json/wp/v2/posts/2782.json]
[tmtc.edu.ph/indexfa1b.html]
[tmtc.edu.ph/wp-json/wp/v2/posts/2465.json]
[tmtc.edu.ph/indexae85.html]
[tmtc.edu.ph/wp-content/uploads/2019/06/64208212_314989489378450_4158799330725068800_n.jpg]
[tmtc.edu.ph/indexfeb6.html]
[tmtc.edu.ph/wp-json/oembed/1.0/embede765.json]
[tmtc.edu.ph/wp-json/oembed/1.0/embedba03]
[tmtc.edu.ph/wp-json/wp/v2/posts/1618]
[tmtc.edu.ph/the-royal-stallions-swim-team-2019/index.html]
[tmtc.edu.ph/wp-content/uploads/2019/06/Moving-Up-ceremony.jpg]
[tmtc.edu.ph/index9646.html]
[tmtc.edu.ph/wp-json/oembed/1.0/embedc57c.json]
[tmtc.edu.ph/wp-json/oembed/1.0/embedf11a]
[tmtc.edu.ph/wp-json/wp/v2/posts/1570]
[tmtc.edu.ph/wp-content/uploads/2019/06/Moving-Up-ceremony-1024x767.jpg]
[tmtc.edu.ph/5th-commencement-exercises/index.html]
[tmtc.edu.ph/index2bee.html]
[tmtc.edu.ph/wp-content/uploads/2019/06/shs-graduation-2019.jpg]
[tmtc.edu.ph/wp-json/oembed/1.0/embedb801.json]
[tmtc.edu.ph/wp-json/oembed/1.0/embed7663]
[tmtc.edu.ph/wp-json/wp/v2/posts/1553]
[tmtc.edu.ph/2nd-senior-high-school-graduation/index.html]
[tmtc.edu.ph/index5d84.html]
[tmtc.edu.ph/wp-json/oembed/1.0/embed8ae5.json]
[tmtc.edu.ph/wp-json/oembed/1.0/embede9a4]
[tmtc.edu.ph/wp-json/wp/v2/posts/1529]
[tmtc.edu.ph/tmtcs-helps-deploy-nurses-to-saudia-arabia/index.html]
[tmtc.edu.ph/wp-content/uploads/2019/05/59482372_1316130308541584_467101238450716672_n.jpg]
[tmtc.edu.ph/index0f90.html]
[tmtc.edu.ph/wp-json/oembed/1.0/embed54b1.json]
[tmtc.edu.ph/wp-json/oembed/1.0/embed3dab]
[tmtc.edu.ph/wp-json/wp/v2/posts/1492]
[tmtc.edu.ph/tmtcs-music-recital-2019/index.html]
[tmtc.edu.ph/wp-content/uploads/2019/04/B-enrollment-announcement-FB-2019-1024x646.jpg]
[tmtc.edu.ph/index1f6b.html]
[tmtc.edu.ph/wp-json/oembed/1.0/embed6c7e.json]
[tmtc.edu.ph/wp-json/oembed/1.0/embedbfb8]
[tmtc.edu.ph/wp-json/wp/v2/posts/1342]
[tmtc.edu.ph/grand-enrollment-2019/index.html]
[tmtc.edu.ph/wp-json/wp/v2/posts/1.json]
[tmtc.edu.ph/indexcff1.html]
[tmtc.edu.ph/wp-json/wp/v2/posts/249.json]
[tmtc.edu.ph/index1a93.html]
[tmtc.edu.ph/wp-json/wp/v2/posts/1640.json]
[tmtc.edu.ph/indexe10c.html]
[tmtc.edu.ph/wp-json/wp/v2/posts/2461.json]
[tmtc.edu.ph/indexcd86.html]
[tmtc.edu.ph/wp-json/wp/v2/posts/1776.json]
[tmtc.edu.ph/index7e0f.html]
[tmtc.edu.ph/wp-json/wp/v2/posts/1779.json]
[tmtc.edu.ph/indexa823.html]
[tmtc.edu.ph/wp-json/wp/v2/posts/1724.json]
[tmtc.edu.ph/indexcc0b.html]
[tmtc.edu.ph/wp-json/wp/v2/posts/1701.json]
[tmtc.edu.ph/index9cab.html]
[tmtc.edu.ph/wp-json/wp/v2/posts/1673.json]
[tmtc.edu.ph/indexfeb6.html]
[tmtc.edu.ph/wp-json/wp/v2/posts/1618.json]
[tmtc.edu.ph/index9646.html]
[tmtc.edu.ph/wp-json/wp/v2/posts/1570.json]
[tmtc.edu.ph/index2bee.html]
[tmtc.edu.ph/wp-json/wp/v2/posts/1553.json]
[tmtc.edu.ph/index5d84.html]
[tmtc.edu.ph/wp-json/wp/v2/posts/1529.json]
[tmtc.edu.ph/index0f90.html]
[tmtc.edu.ph/wp-json/wp/v2/posts/1492.json]
[tmtc.edu.ph/index1f6b.html]
[tmtc.edu.ph/wp-json/wp/v2/posts/1342.json]
[tmtc.edu.ph/index12c3.html]
[tmtc.edu.ph/index12c3.html]
